Component: ARM Compiler 5.06 update 6 (build 750) Tool: armlink [4d35ed]

==============================================================================

Section Cross References

    startup_stm32f446xx.o(RESET) refers to startup_stm32f446xx.o(STACK) for __initial_sp
    startup_stm32f446xx.o(RESET) refers to startup_stm32f446xx.o(.text) for Reset_Handler
    startup_stm32f446xx.o(RESET) refers to stm32f4xx_it.o(i.NMI_Handler) for NMI_Handler
    startup_stm32f446xx.o(RESET) refers to stm32f4xx_it.o(i.HardFault_Handler) for HardFault_Handler
    startup_stm32f446xx.o(RESET) refers to stm32f4xx_it.o(i.MemManage_Handler) for MemManage_Handler
    startup_stm32f446xx.o(RESET) refers to stm32f4xx_it.o(i.BusFault_Handler) for BusFault_Handler
    startup_stm32f446xx.o(RESET) refers to stm32f4xx_it.o(i.UsageFault_Handler) for UsageFault_Handler
    startup_stm32f446xx.o(RESET) refers to port.o(.emb_text) for SVC_Handler
    startup_stm32f446xx.o(RESET) refers to stm32f4xx_it.o(i.DebugMon_Handler) for DebugMon_Handler
    startup_stm32f446xx.o(RESET) refers to port.o(i.SysTick_Handler) for SysTick_Handler
    startup_stm32f446xx.o(RESET) refers to stm32f4xx_it.o(i.EXTI15_10_IRQHandler) for EXTI15_10_IRQHandler
    startup_stm32f446xx.o(RESET) refers to stm32f4xx_it.o(i.TIM6_DAC_IRQHandler) for TIM6_DAC_IRQHandler
    startup_stm32f446xx.o(RESET) refers to stm32f4xx_it.o(i.DMA2_Stream1_IRQHandler) for DMA2_Stream1_IRQHandler
    startup_stm32f446xx.o(RESET) refers to stm32f4xx_it.o(i.OTG_HS_IRQHandler) for OTG_HS_IRQHandler
    startup_stm32f446xx.o(RESET) refers to stm32f4xx_it.o(i.SAI1_IRQHandler) for SAI1_IRQHandler
    startup_stm32f446xx.o(.text) refers to system_stm32f4xx.o(i.SystemInit) for SystemInit
    startup_stm32f446xx.o(.text) refers to entry.o(.ARM.Collect$$$$00000000) for __main
    main.o(i.HAL_TIM_PeriodElapsedCallback) refers to stm32f4xx_hal.o(i.HAL_IncTick) for HAL_IncTick
    main.o(i.MX_DMA_Init) refers to stm32f4xx_hal_cortex.o(i.HAL_NVIC_SetPriority) for HAL_NVIC_SetPriority
    main.o(i.MX_DMA_Init) refers to stm32f4xx_hal_cortex.o(i.HAL_NVIC_EnableIRQ) for HAL_NVIC_EnableIRQ
    main.o(i.MX_FMC_Init) refers to memseta.o(.text) for __aeabi_memclr4
    main.o(i.MX_FMC_Init) refers to stm32f4xx_hal_sdram.o(i.HAL_SDRAM_Init) for HAL_SDRAM_Init
    main.o(i.MX_FMC_Init) refers to main.o(i.Error_Handler) for Error_Handler
    main.o(i.MX_FMC_Init) refers to main.o(.bss) for hsdram2
    main.o(i.MX_FMPI2C1_Init) refers to stm32f4xx_hal_fmpi2c.o(i.HAL_FMPI2C_Init) for HAL_FMPI2C_Init
    main.o(i.MX_FMPI2C1_Init) refers to main.o(i.Error_Handler) for Error_Handler
    main.o(i.MX_FMPI2C1_Init) refers to stm32f4xx_hal_fmpi2c_ex.o(i.HAL_FMPI2CEx_ConfigAnalogFilter) for HAL_FMPI2CEx_ConfigAnalogFilter
    main.o(i.MX_FMPI2C1_Init) refers to main.o(.bss) for hfmpi2c1
    main.o(i.MX_GPIO_Init) refers to memseta.o(.text) for __aeabi_memclr4
    main.o(i.MX_GPIO_Init) refers to stm32f4xx_hal_gpio.o(i.HAL_GPIO_WritePin) for HAL_GPIO_WritePin
    main.o(i.MX_GPIO_Init) refers to stm32f4xx_hal_gpio.o(i.HAL_GPIO_Init) for HAL_GPIO_Init
    main.o(i.MX_GPIO_Init) refers to stm32f4xx_hal_cortex.o(i.HAL_NVIC_SetPriority) for HAL_NVIC_SetPriority
    main.o(i.MX_SAI1_Init) refers to stm32f4xx_hal_sai.o(i.HAL_SAI_Init) for HAL_SAI_Init
    main.o(i.MX_SAI1_Init) refers to main.o(i.Error_Handler) for Error_Handler
    main.o(i.MX_SAI1_Init) refers to main.o(.bss) for hsai_BlockA1
    main.o(i.MX_SPI4_Init) refers to stm32f4xx_hal_spi.o(i.HAL_SPI_Init) for HAL_SPI_Init
    main.o(i.MX_SPI4_Init) refers to main.o(i.Error_Handler) for Error_Handler
    main.o(i.MX_SPI4_Init) refers to main.o(.bss) for hspi4
    main.o(i.MX_TIM5_Init) refers to memseta.o(.text) for __aeabi_memclr4
    main.o(i.MX_TIM5_Init) refers to stm32f4xx_hal_tim.o(i.HAL_TIM_Base_Init) for HAL_TIM_Base_Init
    main.o(i.MX_TIM5_Init) refers to main.o(i.Error_Handler) for Error_Handler
    main.o(i.MX_TIM5_Init) refers to stm32f4xx_hal_tim.o(i.HAL_TIM_SlaveConfigSynchro) for HAL_TIM_SlaveConfigSynchro
    main.o(i.MX_TIM5_Init) refers to stm32f4xx_hal_tim_ex.o(i.HAL_TIMEx_MasterConfigSynchronization) for HAL_TIMEx_MasterConfigSynchronization
    main.o(i.MX_TIM5_Init) refers to main.o(.bss) for htim5
    main.o(i.StartDefaultTask) refers to usb_device.o(i.MX_USB_DEVICE_Init) for MX_USB_DEVICE_Init
    main.o(i.StartDefaultTask) refers to cdcel913.o(i.CDCEL913_Config) for CDCEL913_Config
    main.o(i.StartDefaultTask) refers to sdram.o(i.sdram_test) for sdram_test
    main.o(i.StartDefaultTask) refers to ad7768.o(i.ad7768_setup) for ad7768_setup
    main.o(i.StartDefaultTask) refers to ad7768.o(i.digital_trig_set) for digital_trig_set
    main.o(i.StartDefaultTask) refers to cmsis_os.o(i.osSemaphoreWait) for osSemaphoreWait
    main.o(i.StartDefaultTask) refers to command.o(i.CMD_Process) for CMD_Process
    main.o(i.StartDefaultTask) refers to main.o(.data) for CommandSemHandle
[...]
    HAL_TIM_Base_Init                        0x08004bf9   Thumb Code    52  stm32f4xx_hal_tim.o(i.HAL_TIM_Base_Init)
    HAL_TIM_Base_MspInit                     0x08004c2d   Thumb Code   120  stm32f4xx_hal_msp.o(i.HAL_TIM_Base_MspInit)
    HAL_TIM_Base_Start                       0x08004cb1   Thumb Code    42  stm32f4xx_hal_tim.o(i.HAL_TIM_Base_Start)
    HAL_TIM_Base_Start_IT                    0x08004cdb   Thumb Code    42  stm32f4xx_hal_tim.o(i.HAL_TIM_Base_Start_IT)
    HAL_TIM_Base_Stop                        0x08004d05   Thumb Code    56  stm32f4xx_hal_tim.o(i.HAL_TIM_Base_Stop)
    HAL_TIM_IC_CaptureCallback               0x08004d3d   Thumb Code     2  stm32f4xx_hal_tim.o(i.HAL_TIM_IC_CaptureCallback)
    HAL_TIM_IRQHandler                       0x08004d3f   Thumb Code   406  stm32f4xx_hal_tim.o(i.HAL_TIM_IRQHandler)
    HAL_TIM_OC_DelayElapsedCallback          0x08004ed5   Thumb Code     2  stm32f4xx_hal_tim.o(i.HAL_TIM_OC_DelayElapsedCallback)
    HAL_TIM_PWM_PulseFinishedCallback        0x08004ed7   Thumb Code     2  stm32f4xx_hal_tim.o(i.HAL_TIM_PWM_PulseFinishedCallback)
    HAL_TIM_PeriodElapsedCallback            0x08004ed9   Thumb Code    18  main.o(i.HAL_TIM_PeriodElapsedCallback)
    HAL_TIM_SlaveConfigSynchro               0x08004ef1   Thumb Code   108  stm32f4xx_hal_tim.o(i.HAL_TIM_SlaveConfigSynchro)
    HAL_TIM_TriggerCallback                  0x08004f5d   Thumb Code     2  stm32f4xx_hal_tim.o(i.HAL_TIM_TriggerCallback)
    HardFault_Handler                        0x08004f5f   Thumb Code     4  stm32f4xx_it.o(i.HardFault_Handler)
    MX_USB_DEVICE_Init                       0x080053f1   Thumb Code    60  usb_device.o(i.MX_USB_DEVICE_Init)
    MemManage_Handler                        0x0800543d   Thumb Code     4  stm32f4xx_it.o(i.MemManage_Handler)
    NMI_Handler                              0x08005441   Thumb Code     2  stm32f4xx_it.o(i.NMI_Handler)
    OTG_HS_IRQHandler                        0x08005445   Thumb Code    10  stm32f4xx_it.o(i.OTG_HS_IRQHandler)
    SAI1_IRQHandler                          0x080056ed   Thumb Code    10  stm32f4xx_it.o(i.SAI1_IRQHandler)
    SAI_BlockSynchroConfig                   0x080056fd   Thumb Code    76  stm32f4xx_hal_sai_ex.o(i.SAI_BlockSynchroConfig)
    SAI_GetInputClock                        0x08005889   Thumb Code    46  stm32f4xx_hal_sai_ex.o(i.SAI_GetInputClock)
    SDRAM_Initialization_Sequence            0x080058f7   Thumb Code   146  sdram.o(i.SDRAM_Initialization_Sequence)
    StartDefaultTask                         0x08005ab1   Thumb Code    74  main.o(i.StartDefaultTask)
    SysTick_Handler                          0x08005b09   Thumb Code    46  port.o(i.SysTick_Handler)
    SystemClock_Config                       0x08005b3d   Thumb Code   228  main.o(i.SystemClock_Config)
    SystemInit                               0x08005c29   Thumb Code    82  system_stm32f4xx.o(i.SystemInit)
    TIM6_DAC_IRQHandler                      0x08005c8d   Thumb Code    10  stm32f4xx_it.o(i.TIM6_DAC_IRQHandler)
    TIM_Base_SetConfig                       0x08005c9d   Thumb Code   170  stm32f4xx_hal_tim.o(i.TIM_Base_SetConfig)
    TIM_ETR_SetConfig                        0x08005d75   Thumb Code    22  stm32f4xx_hal_tim.o(i.TIM_ETR_SetConfig)
    USBD_CDC_GetDeviceQualifierDescriptor    0x08005fc9   Thumb Code    10  usbd_cdc.o(i.USBD_CDC_GetDeviceQualifierDescriptor)
    USBD_CDC_ReceivePacket                   0x080060c9   Thumb Code    58  usbd_cdc.o(i.USBD_CDC_ReceivePacket)
    USBD_CDC_RegisterInterface               0x08006103   Thumb Code    16  usbd_cdc.o(i.USBD_CDC_RegisterInterface)
    USBD_CDC_SetRxBuffer                     0x08006113   Thumb Code    14  usbd_cdc.o(i.USBD_CDC_SetRxBuffer)
    USBD_CDC_SetTxBuffer                     0x08006121   Thumb Code    20  usbd_cdc.o(i.USBD_CDC_SetTxBuffer)
    USBD_CDC_TransmitPacket                  0x0800622f   Thumb Code    60  usbd_cdc.o(i.USBD_CDC_TransmitPacket)
    USBD_ClrClassConfig                      0x0800626b   Thumb Code    28  usbd_core.o(i.USBD_ClrClassConfig)
    USBD_CtlContinueRx                       0x080062c5   Thumb Code    24  usbd_ioreq.o(i.USBD_CtlContinueRx)
    USBD_CtlContinueSendData                 0x080062dd   Thumb Code    24  usbd_ioreq.o(i.USBD_CtlContinueSendData)
    USBD_CtlError                            0x080062f5   Thumb Code    24  usbd_ctlreq.o(i.USBD_CtlError)
    USBD_CtlPrepareRx                        0x0800630d   Thumb Code    40  usbd_ioreq.o(i.USBD_CtlPrepareRx)
    USBD_CtlReceiveStatus                    0x08006335   Thumb Code    26  usbd_ioreq.o(i.USBD_CtlReceiveStatus)
    USBD_CtlSendData                         0x0800634f   Thumb Code    34  usbd_ioreq.o(i.USBD_CtlSendData)
    USBD_CtlSendStatus                       0x08006371   Thumb Code    26  usbd_ioreq.o(i.USBD_CtlSendStatus)
    USBD_GetString                           0x08006683   Thumb Code    84  usbd_ctlreq.o(i.USBD_GetString)
    USBD_Get_USB_Status                      0x080066d7   Thumb Code    44  usbd_conf.o(i.USBD_Get_USB_Status)
    USBD_HS_ConfigStrDescriptor              0x08006705   Thumb Code    34  usbd_desc.o(i.USBD_HS_ConfigStrDescriptor)
    USBD_HS_DeviceDescriptor                 0x08006739   Thumb Code    10  usbd_desc.o(i.USBD_HS_DeviceDescriptor)
    USBD_HS_InterfaceStrDescriptor           0x08006749   Thumb Code    34  usbd_desc.o(i.USBD_HS_InterfaceStrDescriptor)
    USBD_HS_LangIDStrDescriptor              0x08006781   Thumb Code    10  usbd_desc.o(i.USBD_HS_LangIDStrDescriptor)
    USBD_HS_ManufacturerStrDescriptor        0x08006791   Thumb Code    20  usbd_desc.o(i.USBD_HS_ManufacturerStrDescriptor)
    USBD_HS_ProductStrDescriptor             0x080067bd   Thumb Code    34  usbd_desc.o(i.USBD_HS_ProductStrDescriptor)
    USBD_HS_SerialStrDescriptor              0x080067fd   Thumb Code    18  usbd_desc.o(i.USBD_HS_SerialStrDescriptor)
    USBD_HS_USR_BOSDescriptor                0x08006815   Thumb Code    10  usbd_desc.o(i.USBD_HS_USR_BOSDescriptor)
    USBD_Init                                0x08006825   Thumb Code    68  usbd_core.o(i.USBD_Init)
    USBD_LL_ClearStallEP                     0x08006869   Thumb Code    38  usbd_conf.o(i.USBD_LL_ClearStallEP)
    USBD_LL_CloseEP                          0x0800688f   Thumb Code    38  usbd_conf.o(i.USBD_LL_CloseEP)
    USBD_LL_DataInStage                      0x080068b5   Thumb Code   230  usbd_core.o(i.USBD_LL_DataInStage)
    USBD_LL_DataOutStage                     0x0800699b   Thumb Code   146  usbd_core.o(i.USBD_LL_DataOutStage)
    USBD_LL_DevConnected                     0x08006a2d   Thumb Code     6  usbd_core.o(i.USBD_LL_DevConnected)
    USBD_LL_DevDisconnected                  0x08006a33   Thumb Code    32  usbd_core.o(i.USBD_LL_DevDisconnected)
    USBD_LL_GetRxDataSize                    0x08006a53   Thumb Code    18  usbd_conf.o(i.USBD_LL_GetRxDataSize)
    USBD_LL_Init                             0x08006a65   Thumb Code   102  usbd_conf.o(i.USBD_LL_Init)
    USBD_LL_IsStallEP                        0x08006ad5   Thumb Code    56  usbd_conf.o(i.USBD_LL_IsStallEP)
    USBD_LL_IsoINIncomplete                  0x08006b0d   Thumb Code     6  usbd_core.o(i.USBD_LL_IsoINIncomplete)
    USBD_LL_IsoOUTIncomplete                 0x08006b13   Thumb Code     6  usbd_core.o(i.USBD_LL_IsoOUTIncomplete)
    USBD_LL_OpenEP                           0x08006b19   Thumb Code    48  usbd_conf.o(i.USBD_LL_OpenEP)
    USBD_LL_PrepareReceive                   0x08006b49   Thumb Code    48  usbd_conf.o(i.USBD_LL_PrepareReceive)
    USBD_LL_Reset                            0x08006b79   Thumb Code    90  usbd_core.o(i.USBD_LL_Reset)
    USBD_LL_Resume                           0x08006bd3   Thumb Code    22  usbd_core.o(i.USBD_LL_Resume)
    USBD_LL_SOF                              0x08006be9   Thumb Code    34  usbd_core.o(i.USBD_LL_SOF)
    USBD_LL_SetSpeed                         0x08006c0b   Thumb Code     8  usbd_core.o(i.USBD_LL_SetSpeed)
    USBD_LL_SetUSBAddress                    0x08006c13   Thumb Code    38  usbd_conf.o(i.USBD_LL_SetUSBAddress)
    USBD_LL_SetupStage                       0x08006c39   Thumb Code   118  usbd_core.o(i.USBD_LL_SetupStage)
    USBD_LL_StallEP                          0x08006caf   Thumb Code    38  usbd_conf.o(i.USBD_LL_StallEP)
    USBD_LL_Start                            0x08006cd5   Thumb Code    30  usbd_conf.o(i.USBD_LL_Start)
    USBD_LL_Suspend                          0x08006cf3   Thumb Code    20  usbd_core.o(i.USBD_LL_Suspend)
    USBD_LL_Transmit                         0x08006d07   Thumb Code    48  usbd_conf.o(i.USBD_LL_Transmit)
    USBD_ParseSetupRequest                   0x08006d37   Thumb Code    54  usbd_ctlreq.o(i.USBD_ParseSetupRequest)
    USBD_RegisterClass                       0x08006d6d   Thumb Code    38  usbd_core.o(i.USBD_RegisterClass)
    USBD_RunTestMode                         0x08006d93   Thumb Code     6  usbd_core.o(i.USBD_RunTestMode)
    USBD_SetClassConfig                      0x08006df3   Thumb Code    32  usbd_core.o(i.USBD_SetClassConfig)
    USBD_Start                               0x08006f29   Thumb Code    12  usbd_core.o(i.USBD_Start)
    USBD_StdDevReq                           0x08006f35   Thumb Code   166  usbd_ctlreq.o(i.USBD_StdDevReq)
    USBD_StdEPReq                            0x08006fdb   Thumb Code   554  usbd_ctlreq.o(i.USBD_StdEPReq)
    USBD_StdItfReq                           0x08007205   Thumb Code   126  usbd_ctlreq.o(i.USBD_StdItfReq)
    USB_ActivateEndpoint                     0x08007285   Thumb Code   202  stm32f4xx_ll_usb.o(i.USB_ActivateEndpoint)
    USB_ActivateSetup                        0x08007355   Thumb Code    40  stm32f4xx_ll_usb.o(i.USB_ActivateSetup)
    USB_CoreInit                             0x0800737d   Thumb Code   128  stm32f4xx_ll_usb.o(i.USB_CoreInit)
    USB_DeactivateEndpoint                   0x0800744d   Thumb Code   318  stm32f4xx_ll_usb.o(i.USB_DeactivateEndpoint)
    USB_DevConnect                           0x08007599   Thumb Code    32  stm32f4xx_ll_usb.o(i.USB_DevConnect)
    USB_DevDisconnect                        0x080075b9   Thumb Code    32  stm32f4xx_ll_usb.o(i.USB_DevDisconnect)
    USB_DevInit                              0x080075d9   Thumb Code   464  stm32f4xx_ll_usb.o(i.USB_DevInit)
    USB_DisableGlobalInt                     0x080077b1   Thumb Code    14  stm32f4xx_ll_usb.o(i.USB_DisableGlobalInt)
    USB_EP0StartXfer                         0x080077c1   Thumb Code   468  stm32f4xx_ll_usb.o(i.USB_EP0StartXfer)
    USB_EP0_OutStart                         0x08007999   Thumb Code   106  stm32f4xx_ll_usb.o(i.USB_EP0_OutStart)
    USB_EPClearStall                         0x08007a09   Thumb Code   142  stm32f4xx_ll_usb.o(i.USB_EPClearStall)
    USB_EPSetStall                           0x08007a97   Thumb Code   154  stm32f4xx_ll_usb.o(i.USB_EPSetStall)
    USB_EPStartXfer                          0x08007b31   Thumb Code   832  stm32f4xx_ll_usb.o(i.USB_EPStartXfer)
    USB_EnableGlobalInt                      0x08007e75   Thumb Code    14  stm32f4xx_ll_usb.o(i.USB_EnableGlobalInt)
    USB_FlushRxFifo                          0x08007e85   Thumb Code    38  stm32f4xx_ll_usb.o(i.USB_FlushRxFifo)
    USB_FlushTxFifo                          0x08007eb1   Thumb Code    44  stm32f4xx_ll_usb.o(i.USB_FlushTxFifo)
    USB_GetDevSpeed                          0x08007ee1   Thumb Code    38  stm32f4xx_ll_usb.o(i.USB_GetDevSpeed)
    USB_GetMode                              0x08007f07   Thumb Code    10  stm32f4xx_ll_usb.o(i.USB_GetMode)
    USB_ReadDevAllInEpInterrupt              0x08007f11   Thumb Code    20  stm32f4xx_ll_usb.o(i.USB_ReadDevAllInEpInterrupt)
    USB_ReadDevAllOutEpInterrupt             0x08007f25   Thumb Code    20  stm32f4xx_ll_usb.o(i.USB_ReadDevAllOutEpInterrupt)
    USB_ReadDevInEPInterrupt                 0x08007f39   Thumb Code    50  stm32f4xx_ll_usb.o(i.USB_ReadDevInEPInterrupt)
    USB_ReadDevOutEPInterrupt                0x08007f6b   Thumb Code    26  stm32f4xx_ll_usb.o(i.USB_ReadDevOutEPInterrupt)
    USB_ReadInterrupts                       0x08007f85   Thumb Code    10  stm32f4xx_ll_usb.o(i.USB_ReadInterrupts)
    USB_ReadPacket                           0x08007f8f   Thumb Code    34  stm32f4xx_ll_usb.o(i.USB_ReadPacket)
    USB_SetCurrentMode                       0x08007fb1   Thumb Code    54  stm32f4xx_ll_usb.o(i.USB_SetCurrentMode)
    USB_SetDevAddress                        0x08007fe7   Thumb Code    42  stm32f4xx_ll_usb.o(i.USB_SetDevAddress)
    USB_SetDevSpeed                          0x08008011   Thumb Code    18  stm32f4xx_ll_usb.o(i.USB_SetDevSpeed)
    USB_SetTurnaroundTime                    0x08008025   Thumb Code   192  stm32f4xx_ll_usb.o(i.USB_SetTurnaroundTime)
    USB_WritePacket                          0x0800810d   Thumb Code    60  stm32f4xx_ll_usb.o(i.USB_WritePacket)
    UsageFault_Handler                       0x08008149   Thumb Code     4  stm32f4xx_it.o(i.UsageFault_Handler)
    UsbTask                                  0x0800814d   Thumb Code   166  main.o(i.UsbTask)
    __0printf$6                              0x0800820d   Thumb Code    22  printf6.o(i.__0printf$6)
    __1printf$6                              0x0800820d   Thumb Code     0  printf6.o(i.__0printf$6)
    __2printf                                0x0800820d   Thumb Code     0  printf6.o(i.__0printf$6)
    __0sprintf$6                             0x0800822d   Thumb Code    34  printf6.o(i.__0sprintf$6)
    __1sprintf$6                             0x0800822d   Thumb Code     0  printf6.o(i.__0sprintf$6)
    __2sprintf                               0x0800822d   Thumb Code     0  printf6.o(i.__0sprintf$6)
    __scatterload_copy                       0x0800828d   Thumb Code    14  handlers.o(i.__scatterload_copy)
    __scatterload_null                       0x0800829b   Thumb Code     2  handlers.o(i.__scatterload_null)
    __scatterload_zeroinit                   0x0800829d   Thumb Code    14  handlers.o(i.__scatterload_zeroinit)
    ad7768_IEPE_set                          0x080085f9   Thumb Code    78  ad7768.o(i.ad7768_IEPE_set)
    ad7768_coupling_set                      0x08008651   Thumb Code    76  ad7768.o(i.ad7768_coupling_set)
    ad7768_ext_clk_set                       0x080086a9   Thumb Code    60  ad7768.o(i.ad7768_ext_clk_set)
    ad7768_gain_set                          0x080086ed   Thumb Code    76  ad7768.o(i.ad7768_gain_set)
    ad7768_rate_set                          0x0800873d   Thumb Code   280  ad7768.o(i.ad7768_rate_set)
    ad7768_reset                             0x08008859   Thumb Code   290  ad7768.o(i.ad7768_reset)
    ad7768_set_ch_state                      0x08008989   Thumb Code    44  ad7768.o(i.ad7768_set_ch_state)
    ad7768_set_conv_op                       0x080089b5   Thumb Code   104  ad7768.o(i.ad7768_set_conv_op)
    ad7768_set_crc_sel                       0x08008a61   Thumb Code    28  ad7768.o(i.ad7768_set_crc_sel)
    ad7768_set_dclk_div                      0x08008a7d   Thumb Code    94  ad7768.o(i.ad7768_set_dclk_div)
    ad7768_set_mclk_div                      0x08008b15   Thumb Code    28  ad7768.o(i.ad7768_set_mclk_div)
    ad7768_set_mode_config                   0x08008b31   Thumb Code    70  ad7768.o(i.ad7768_set_mode_config)
    ad7768_set_mode_pins                     0x08008b79   Thumb Code    86  ad7768.o(i.ad7768_set_mode_pins)
    ad7768_set_power_mode                    0x08008bed   Thumb Code    94  ad7768.o(i.ad7768_set_power_mode)
    ad7768_set_sleep_mode                    0x08008c89   Thumb Code    32  ad7768.o(i.ad7768_set_sleep_mode)
    ad7768_setup                             0x08008ca9   Thumb Code   220  ad7768.o(i.ad7768_setup)
    ad7768_spi_read                          0x08008d8d   Thumb Code    78  ad7768.o(i.ad7768_spi_read)
    ad7768_spi_write                         0x08008ddb   Thumb Code    36  ad7768.o(i.ad7768_spi_write)
    ad7768_spi_write_mask                    0x08008dff   Thumb Code    60  ad7768.o(i.ad7768_spi_write_mask)
    ad7768_start                             0x08008e3d   Thumb Code    96  ad7768.o(i.ad7768_start)
    ad7768_stop                              0x08008eb1   Thumb Code    28  ad7768.o(i.ad7768_stop)
    at_DATA_get                              0x08008ed9   Thumb Code    22  at.o(i.at_DATA_get)
    at_DATA_set                              0x08008efd   Thumb Code    48  at.o(i.at_DATA_set)
    at_GAIN_get                              0x08008f35   Thumb Code    34  at.o(i.at_GAIN_get)
    at_GAIN_set                              0x08008f81   Thumb Code    60  at.o(i.at_GAIN_set)
    at_IEPE_get                              0x08008fc5   Thumb Code    42  at.o(i.at_IEPE_get)
    at_IEPE_set                              0x08009021   Thumb Code    50  at.o(i.at_IEPE_set)
    at_RATE_get                              0x08009061   Thumb Code    22  at.o(i.at_RATE_get)
    at_RATE_set                              0x08009085   Thumb Code    64  at.o(i.at_RATE_set)
    at_RST                                   0x080090c9   Thumb Code    12  at.o(i.at_RST)
    at_TRIG_get                              0x080090d5   Thumb Code    22  at.o(i.at_TRIG_get)
    at_TRIG_set                              0x080090fd   Thumb Code    22  at.o(i.at_TRIG_set)
    at_TYPE_get                              0x08009121   Thumb Code    22  at.o(i.at_TYPE_get)
    at_TYPE_set                              0x08009149   Thumb Code    18  at.o(i.at_TYPE_set)
    at_ch_state_get                          0x08009169   Thumb Code    42  at.o(i.at_ch_state_get)
    at_ch_state_set                          0x080091c5   Thumb Code    56  at.o(i.at_ch_state_set)
    at_coupling_get                          0x0800920d   Thumb Code    42  at.o(i.at_coupling_get)
    at_coupling_set                          0x08009269   Thumb Code    50  at.o(i.at_coupling_set)
    at_reset                                 0x080092a9   Thumb Code    60  at.o(i.at_reset)
    at_return_error                          0x080092ed   Thumb Code     6  at.o(i.at_return_error)
    at_save                                  0x080092f5   Thumb Code    16  at.o(i.at_save)
    at_start                                 0x08009309   Thumb Code    22  at.o(i.at_start)
    at_stop                                  0x08009329   Thumb Code    24  at.o(i.at_stop)
    at_version_get                           0x08009349   Thumb Code    16  at.o(i.at_version_get)
    com_error                                0x08009365   Thumb Code    24  command.o(i.com_error)
    digital_trig_set                         0x08009385   Thumb Code    56  ad7768.o(i.digital_trig_set)
    flash_read                               0x080093cd   Thumb Code    26  flash.o(i.flash_read)
    flash_write                              0x080093ed   Thumb Code   178  flash.o(i.flash_write)
    fputc                                    0x080094a9   Thumb Code    18  fputc.o(i.fputc)
    free                                     0x080094bd   Thumb Code    76  malloc.o(i.free)
    gpio_set_value                           0x0800950d   Thumb Code     6  gpio.o(i.gpio_set_value)
    main                                     0x08009525   Thumb Code   144  main.o(i.main)
    malloc                                   0x080095e1   Thumb Code    92  malloc.o(i.malloc)
    osDelay                                  0x0800964d   Thumb Code    24  cmsis_os.o(i.osDelay)
    osKernelStart                            0x08009665   Thumb Code    10  cmsis_os.o(i.osKernelStart)
    osMessageCreate                          0x0800966f   Thumb Code    40  cmsis_os.o(i.osMessageCreate)
    osMessageGet                             0x08009699   Thumb Code   150  cmsis_os.o(i.osMessageGet)
    osMessagePut                             0x08009735   Thumb Code    92  cmsis_os.o(i.osMessagePut)
    osSemaphoreCreate                        0x08009795   Thumb Code    74  cmsis_os.o(i.osSemaphoreCreate)
    osSemaphoreRelease                       0x080097e1   Thumb Code    76  cmsis_os.o(i.osSemaphoreRelease)
    osSemaphoreWait                          0x08009831   Thumb Code   100  cmsis_os.o(i.osSemaphoreWait)
    osThreadCreate                           0x08009899   Thumb Code    94  cmsis_os.o(i.osThreadCreate)
    pvPortMalloc                             0x0800a031   Thumb Code   296  heap_4.o(i.pvPortMalloc)
    pvTaskIncrementMutexHeldCount            0x0800a16d   Thumb Code    26  tasks.o(i.pvTaskIncrementMutexHeldCount)
    pxPortInitialiseStack                    0x0800a18d   Thumb Code    38  port.o(i.pxPortInitialiseStack)
    sdram_test                               0x0800a1b9   Thumb Code   204  sdram.o(i.sdram_test)
    spi_write_and_read                       0x0800a299   Thumb Code    52  spi.o(i.spi_write_and_read)
    uxListRemove                             0x0800a2d5   Thumb Code    40  list.o(i.uxListRemove)
    vApplicationGetIdleTaskMemory            0x0800a2fd   Thumb Code    14  freertos.o(i.vApplicationGetIdleTaskMemory)
    vListInitialise                          0x0800a315   Thumb Code    26  list.o(i.vListInitialise)
    vListInitialiseItem                      0x0800a32f   Thumb Code     6  list.o(i.vListInitialiseItem)
    vListInsert                              0x0800a335   Thumb Code    52  list.o(i.vListInsert)
    vListInsertEnd                           0x0800a369   Thumb Code    24  list.o(i.vListInsertEnd)
    vPortEnterCritical                       0x0800a381   Thumb Code    76  port.o(i.vPortEnterCritical)
    vPortExitCritical                        0x0800a3d5   Thumb Code    56  port.o(i.vPortExitCritical)
    vPortFree                                0x0800a411   Thumb Code   140  heap_4.o(i.vPortFree)
    vPortSetupTimerInterrupt                 0x0800a4a5   Thumb Code    36  port.o(i.vPortSetupTimerInterrupt)
    vPortValidateInterruptPriority           0x0800a4cd   Thumb Code   106  port.o(i.vPortValidateInterruptPriority)
    vTaskDelay                               0x0800a545   Thumb Code    82  tasks.o(i.vTaskDelay)
    vTaskInternalSetTimeOutState             0x0800a5a1   Thumb Code    14  tasks.o(i.vTaskInternalSetTimeOutState)
    vTaskMissedYield                         0x0800a5b9   Thumb Code     8  tasks.o(i.vTaskMissedYield)
    vTaskPlaceOnEventList                    0x0800a5c5   Thumb Code    52  tasks.o(i.vTaskPlaceOnEventList)
    vTaskPriorityDisinheritAfterTimeout      0x0800a5fd   Thumb Code   230  tasks.o(i.vTaskPriorityDisinheritAfterTimeout)
    vTaskStartScheduler                      0x0800a6f1   Thumb Code   146  tasks.o(i.vTaskStartScheduler)
    vTaskSuspendAll                          0x0800a7a1   Thumb Code    12  tasks.o(i.vTaskSuspendAll)
    vTaskSwitchContext                       0x0800a7b1   Thumb Code   118  tasks.o(i.vTaskSwitchContext)
    xPortStartScheduler                      0x0800a83d   Thumb Code   330  port.o(i.xPortStartScheduler)
    xQueueGenericCreate                      0x0800a9a5   Thumb Code    96  queue.o(i.xQueueGenericCreate)
    xQueueGenericCreateStatic                0x0800aa05   Thumb Code   224  queue.o(i.xQueueGenericCreateStatic)
    xQueueGenericReset                       0x0800aae5   Thumb Code   146  queue.o(i.xQueueGenericReset)
    xQueueGenericSend                        0x0800ab7d   Thumb Code   420  queue.o(i.xQueueGenericSend)
    xQueueGenericSendFromISR                 0x0800ad25   Thumb Code   248  queue.o(i.xQueueGenericSendFromISR)
    xQueueGiveFromISR                        0x0800ae1d   Thumb Code   224  queue.o(i.xQueueGiveFromISR)
    xQueueReceive                            0x0800aefd   Thumb Code   356  queue.o(i.xQueueReceive)
    xQueueReceiveFromISR                     0x0800b065   Thumb Code   202  queue.o(i.xQueueReceiveFromISR)
    xQueueSemaphoreTake                      0x0800b131   Thumb Code   434  queue.o(i.xQueueSemaphoreTake)
    xTaskCheckForTimeOut                     0x0800b2e9   Thumb Code   132  tasks.o(i.xTaskCheckForTimeOut)
    xTaskCreate                              0x0800b375   Thumb Code   100  tasks.o(i.xTaskCreate)
    xTaskCreateStatic                        0x0800b3d9   Thumb Code   186  tasks.o(i.xTaskCreateStatic)
    xTaskGetSchedulerState                   0x0800b495   Thumb Code    24  tasks.o(i.xTaskGetSchedulerState)
    xTaskIncrementTick                       0x0800b4b5   Thumb Code   282  tasks.o(i.xTaskIncrementTick)
    xTaskPriorityDisinherit                  0x0800b5fd   Thumb Code   188  tasks.o(i.xTaskPriorityDisinherit)
    xTaskPriorityInherit                     0x0800b6c5   Thumb Code   186  tasks.o(i.xTaskPriorityInherit)
    xTaskRemoveFromEventList                 0x0800b78d   Thumb Code   128  tasks.o(i.xTaskRemoveFromEventList)
    xTaskResumeAll                           0x0800b825   Thumb Code   224  tasks.o(i.xTaskResumeAll)
    AHBPrescTable                            0x0800b978   Data          16  system_stm32f4xx.o(.constdata)
    APBPrescTable                            0x0800b988   Data           8  system_stm32f4xx.o(.constdata)
    standard_pin_ctrl_mode_sel               0x0800b990   Data          12  ad7768.o(.constdata)
    one_shot_pin_ctrl_mode_sel               0x0800b99c   Data          12  ad7768.o(.constdata)
    __ctype_categories                       0x0800bb1c   Data          64  ctype_c.o(.constdata)
    Region$$Table$$Base                      0x0800bff8   Number         0  anon$$obj.o(Region$$Table)
    Region$$Table$$Limit                     0x0800c018   Number         0  anon$$obj.o(Region$$Table)
    defaultTaskHandle                        0x20000000   Data           4  main.o(.data)
    usbTaskHandle                            0x20000004   Data           4  main.o(.data)
    QueueTxHandle                            0x20000008   Data           4  main.o(.data)
    CommandSemHandle                         0x2000000c   Data           4  main.o(.data)
    digital_cnt                              0x20000010   Data           2  main.o(.data)
    HS_Desc                                  0x20000014   Data          32  usbd_desc.o(.data)
    USBD_HS_DeviceDesc                       0x20000034   Data          18  usbd_desc.o(.data)
    USBD_HS_BOSDesc                          0x20000048   Data          12  usbd_desc.o(.data)
    USBD_LangIDDesc                          0x20000054   Data           4  usbd_desc.o(.data)
    USBD_StringSerial                        0x20000058   Data          26  usbd_desc.o(.data)
    CDC_Buf                                  0x20000074   Data           4  usbd_cdc_if.o(.data)
    CDC_Len                                  0x20000078   Data           2  usbd_cdc_if.o(.data)
    USBD_Interface_fops_HS                   0x2000007c   Data          20  usbd_cdc_if.o(.data)
    tim_running                              0x20000090   Data           1  stm32f4xx_it.o(.data)
    uwTick                                   0x200000a0   Data           4  stm32f4xx_hal.o(.data)
    uwTickPrio                               0x200000a4   Data           4  stm32f4xx_hal.o(.data)
    uwTickFreq                               0x200000a8   Data           1  stm32f4xx_hal.o(.data)
    SystemCoreClock                          0x200000ac   Data           4  system_stm32f4xx.o(.data)
    pxCurrentTCB                             0x200000b0   Data           4  tasks.o(.data)
    uwWriteReadStatus                        0x20000110   Data           4  sdram.o(.data)
    uwIndex                                  0x20000114   Data           4  sdram.o(.data)
    reg_data                                 0x20000118   Data           1  ad7768.o(.data)
    reg_addr                                 0x20000119   Data           1  ad7768.o(.data)
    ad7768_init                              0x2000011c   Data          28  ad7768.o(.data)
    rx_pt                                    0x20000138   Data           4  ad7768.o(.data)
    start_stop                               0x2000013c   Data           1  command.o(.data)
    converting                               0x2000013d   Data           1  command.o(.data)
    USBD_CDC                                 0x2000014c   Data          56  usbd_cdc.o(.data)
    __stdout                                 0x20000250   Data           4  stdout.o(.data)
    __microlib_freelist                      0x20000254   Data           4  mvars.o(.data)
    __microlib_freelist_initialised          0x20000258   Data           4  mvars.o(.data)
    hfmpi2c1                                 0x2000025c   Data          76  main.o(.bss)
    hsai_BlockA1                             0x200002a8   Data         136  main.o(.bss)
    hdma_sai1_a                              0x20000330   Data          96  main.o(.bss)
    hspi4                                    0x20000390   Data          88  main.o(.bss)
    htim5                                    0x200003e8   Data          64  main.o(.bss)
    hsdram2                                  0x20000428   Data          52  main.o(.bss)
    command                                  0x2000045c   Data          16  main.o(.bss)
    digital_clk                              0x2000046c   Data        1024  main.o(.bss)
    data_send                                0x2000086c   Data        2048  main.o(.bss)
    hUsbDeviceHS                             0x200012c0   Data         720  usb_device.o(.bss)
    hpcd_USB_OTG_HS                          0x20001590   Data        1032  usbd_conf.o(.bss)
    USBD_StrDesc                             0x20001998   Data         512  usbd_desc.o(.bss)
    UserRxBufferHS                           0x20001b98   Data        2048  usbd_cdc_if.o(.bss)
    UserTxBufferHS                           0x20002398   Data        2048  usbd_cdc_if.o(.bss)
    htim6                                    0x20002b98   Data          64  stm32f4xx_hal_timebase_tim.o(.bss)
    pFlash                                   0x20002bd8   Data          32  stm32f4xx_hal_flash.o(.bss)
    read_buff                                0x20003ce8   Data          15  cdcel913.o(.bss)
    aTxBuffer                                0x20003cf8   Data        1024  sdram.o(.bss)
    aRxBuffer                                0x200040f8   Data        1024  sdram.o(.bss)
    sai_data                                 0x200044f8   Data        2048  ad7768.o(.bss)
    ad7768_device                            0x20004cf8   Data          92  ad7768.o(.bss)
    cdc_tx                                   0x20004d54   Data        1024  command.o(.bss)
    __heap_base                              0x20005158   Data           0  startup_stm32f446xx.o(HEAP)
    __heap_limit                             0x20005758   Data           0  startup_stm32f446xx.o(HEAP)
    __initial_sp                             0x20006058   Data           0  startup_stm32f446xx.o(STACK)



==============================================================================

Memory Map of the image

  Image Entry point : 0x080001c5

  Load Region LR_IROM1 (Base: 0x08000000, Size: 0x0000c274, Max: 0x00080000, ABSOLUTE, COMPRESSED[0x0000c100])

    Execution Region ER_IROM1 (Exec base: 0x08000000, Load base: 0x08000000, Size: 0x0000c018, Max: 0x00080000, ABSOLUTE)

    Exec Addr    Load Addr    Size         Type   Attr      Idx    E Section Name        Object

    0x08000000   0x08000000   0x000001c4   Data   RO            3    RESET               startup_stm32f446xx.o
    0x080001c4   0x080001c4   0x00000000   Code   RO         7653  * .ARM.Collect$$$$00000000  mc_w.l(entry.o)
    0x080001c4   0x080001c4   0x00000004   Code   RO         7965    .ARM.Collect$$$$00000001  mc_w.l(entry2.o)
    0x080001c8   0x080001c8   0x00000004   Code   RO         7968    .ARM.Collect$$$$00000004  mc_w.l(entry5.o)
    0x080001cc   0x080001cc   0x00000000   Code   RO         7970    .ARM.Collect$$$$00000008  mc_w.l(entry7b.o)
    0x080001cc   0x080001cc   0x00000000   Code   RO         7972    .ARM.Collect$$$$0000000A  mc_w.l(entry8b.o)
    0x080001cc   0x080001cc   0x00000008   Code   RO         7973    .ARM.Collect$$$$0000000B  mc_w.l(entry9a.o)
    0x080001d4   0x080001d4   0x00000000   Code   RO         7975    .ARM.Collect$$$$0000000D  mc_w.l(entry10a.o)
    0x080001d4   0x080001d4   0x00000000   Code   RO         7977    .ARM.Collect$$$$0000000F  mc_w.l(entry11a.o)
    0x080001d4   0x080001d4   0x00000004   Code   RO         7966    .ARM.Collect$$$$00002712  mc_w.l(entry2.o)
    0x080001d8   0x080001d8   0x000000be   Code   RO         6495    .emb_text           port.o
    0x08000296   0x08000296   0x00000002   PAD
    0x08000298   0x08000298   0x00000024   Code   RO            4    .text               startup_stm32f446xx.o
    0x080002bc   0x080002bc   0x00000062   Code   RO         7656    .text               mc_w.l(uldiv.o)
    0x0800031e   0x0800031e   0x00000024   Code   RO         7658    .text               mc_w.l(memcpya.o)
    0x08000342   0x08000342   0x00000024   Code   RO         7662    .text               mc_w.l(memseta.o)
    0x08000366   0x08000366   0x00000018   Code   RO         7664    .text               mc_w.l(strcat.o)
    0x0800037e   0x0800037e   0x0000000e   Code   RO         7666    .text               mc_w.l(strlen.o)
    0x0800038c   0x0800038c   0x0000001e   Code   RO         7668    .text               mc_w.l(strncmp.o)
    0x080003aa   0x080003aa   0x00000002   PAD
    0x080003ac   0x080003ac   0x00000038   Code   RO         7961    .text               mc_w.l(__0sscanf.o)
    0x080003e4   0x080003e4   0x0000014c   Code   RO         7963    .text               mc_w.l(_scanf_int.o)
    0x08000530   0x08000530   0x0000002c   Code   RO         7982    .text               mc_w.l(uidiv.o)
    0x0800055c   0x0800055c   0x0000001e   Code   RO         7984    .text               mc_w.l(llshl.o)
    0x0800057a   0x0800057a   0x00000020   Code   RO         7986    .text               mc_w.l(llushr.o)
    0x0800059a   0x0800059a   0x0000001c   Code   RO         7990    .text               mc_w.l(_chval.o)
    0x080005b6   0x080005b6   0x00000002   PAD
    0x080005b8   0x080005b8   0x00000028   Code   RO         7992    .text               mc_w.l(scanf_char.o)
    0x080005e0   0x080005e0   0x00000040   Code   RO         7994    .text               mc_w.l(_sgetc.o)
    0x08000620   0x08000620   0x00000024   Code   RO         8007    .text               mc_w.l(init.o)
    0x08000644   0x08000644   0x00000000   Code   RO         8009    .text               mc_w.l(semi.o)
    0x08000644   0x08000644   0x0000000a   Code   RO         8012    .text               mc_w.l(isspace_c.o)
    0x0800064e   0x0800064e   0x00000002   PAD
    0x08000650   0x08000650   0x0000032c   Code   RO         8014    .text               mc_w.l(_scanf.o)
    0x0800097c   0x0800097c   0x00000000   Code   RO         8016    .text               mc_w.l(iusesemip.o)
    0x0800097c   0x0800097c   0x00000028   Code   RO         8019    .text               mc_w.l(ctype_c.o)
    0x080009a4   0x080009a4   0x00000056   Code   RO         8030    .text               mc_w.l(__dczerorl2.o)
    0x080009fa   0x080009fa   0x00000004   Code   RO          766    i.BusFault_Handler  stm32f4xx_it.o
    0x080009fe   0x080009fe   0x00000002   PAD
    0x08000a00   0x08000a00   0x00000028   Code   RO         6575    i.CDCEL913_Config   cdcel913.o
    0x08000a28   0x08000a28   0x00000044   Code   RO          700    i.CDC_Control_HS    usbd_cdc_if.o
    0x08000a6c   0x08000a6c   0x00000004   Code   RO          701    i.CDC_DeInit_HS     usbd_cdc_if.o
    0x08000a70   0x08000a70   0x00000024   Code   RO          702    i.CDC_Init_HS       usbd_cdc_if.o
    0x08000a94   0x08000a94   0x0000003c   Code   RO          703    i.CDC_Receive_HS    usbd_cdc_if.o
    0x08000ad0   0x08000ad0   0x0000000c   Code   RO          704    i.CDC_TransmitCplt_HS  usbd_cdc_if.o
    0x08000adc   0x08000adc   0x00000038   Code   RO          705    i.CDC_Transmit_HS   usbd_cdc_if.o
    0x08000b14   0x08000b14   0x00000024   Code   RO         7199    i.CMD_Process       command.o
    0x08000b38   0x08000b38   0x00000010   Code   RO          767    i.DMA2_Stream1_IRQHandler  stm32f4xx_it.o
    0x08000b48   0x08000b48   0x00000034   Code   RO         2176    i.DMA_CalcBaseAndBitshift  stm32f4xx_hal_dma.o
    0x08000b7c   0x08000b7c   0x000000aa   Code   RO         2177    i.DMA_CheckFifoParam  stm32f4xx_hal_dma.o
    0x08000c26   0x08000c26   0x0000002c   Code   RO         2178    i.DMA_SetConfig     stm32f4xx_hal_dma.o
    0x08000c52   0x08000c52   0x00000002   Code   RO          768    i.DebugMon_Handler  stm32f4xx_it.o
    0x08000c54   0x08000c54   0x00000060   Code   RO          769    i.EXTI15_10_IRQHandler  stm32f4xx_it.o
    0x08000cb4   0x08000cb4   0x00000002   Code   RO           13    i.Error_Handler     main.o
    0x08000cb6   0x08000cb6   0x00000002   PAD
    0x08000cb8   0x08000cb8   0x0000005c   Code   RO         1888    i.FLASH_Erase_Sector  stm32f4xx_hal_flash_ex.o
    0x08000d14   0x08000d14   0x00000078   Code   RO         1889    i.FLASH_FlushCaches  stm32f4xx_hal_flash_ex.o
    0x08000d8c   0x08000d8c   0x00000030   Code   RO         1890    i.FLASH_MassErase   stm32f4xx_hal_flash_ex.o
    0x08000dbc   0x08000dbc   0x00000024   Code   RO         1770    i.FLASH_Program_Byte  stm32f4xx_hal_flash.o
    0x08000de0   0x08000de0   0x0000003c   Code   RO         1771    i.FLASH_Program_DoubleWord  stm32f4xx_hal_flash.o
    0x08000e1c   0x08000e1c   0x00000028   Code   RO         1772    i.FLASH_Program_HalfWord  stm32f4xx_hal_flash.o
    0x08000e44   0x08000e44   0x00000028   Code   RO         1773    i.FLASH_Program_Word  stm32f4xx_hal_flash.o
    0x08000e6c   0x08000e6c   0x000000b4   Code   RO         1774    i.FLASH_SetErrorCode  stm32f4xx_hal_flash.o
    0x08000f20   0x08000f20   0x00000064   Code   RO         1775    i.FLASH_WaitForLastOperation  stm32f4xx_hal_flash.o
    0x08000f84   0x08000f84   0x00000074   Code   RO         2887    i.FMC_SDRAM_Init    stm32f4xx_ll_fmc.o
    0x08000ff8   0x08000ff8   0x0000000e   Code   RO         2888    i.FMC_SDRAM_ProgramRefreshRate  stm32f4xx_ll_fmc.o
    0x08001006   0x08001006   0x00000052   Code   RO         2889    i.FMC_SDRAM_SendCommand  stm32f4xx_ll_fmc.o
    0x08001058   0x08001058   0x0000009c   Code   RO         2891    i.FMC_SDRAM_Timing_Init  stm32f4xx_ll_fmc.o
    0x080010f4   0x080010f4   0x00000028   Code   RO         3187    i.FMPI2C_Flush_TXDR  stm32f4xx_hal_fmpi2c.o
    0x0800111c   0x0800111c   0x00000098   Code   RO         3195    i.FMPI2C_IsAcknowledgeFailed  stm32f4xx_hal_fmpi2c.o
    0x080011b4   0x080011b4   0x0000007c   Code   RO         3198    i.FMPI2C_RequestMemoryRead  stm32f4xx_hal_fmpi2c.o
    0x08001230   0x08001230   0x00000034   Code   RO         3202    i.FMPI2C_TransferConfig  stm32f4xx_hal_fmpi2c.o
    0x08001264   0x08001264   0x0000005e   Code   RO         3204    i.FMPI2C_WaitOnFlagUntilTimeout  stm32f4xx_hal_fmpi2c.o
    0x080012c2   0x080012c2   0x00000056   Code   RO         3206    i.FMPI2C_WaitOnSTOPFlagUntilTimeout  stm32f4xx_hal_fmpi2c.o
    0x08001318   0x08001318   0x0000005a   Code   RO         3207    i.FMPI2C_WaitOnTXISFlagUntilTimeout  stm32f4xx_hal_fmpi2c.o
    0x08001372   0x08001372   0x00000018   Code   RO         6640    i.Fill_Buffer       sdram.o
    0x0800138a   0x0800138a   0x00000002   PAD
    0x0800138c   0x0800138c   0x00000034   Code   RO          604    i.Get_SerialNum     usbd_desc.o
    0x080013c0   0x080013c0   0x000000aa   Code   RO         2179    i.HAL_DMA_Abort     stm32f4xx_hal_dma.o
    0x0800146a   0x0800146a   0x00000028   Code   RO         2180    i.HAL_DMA_Abort_IT  stm32f4xx_hal_dma.o
    0x08001492   0x08001492   0x00000002   PAD
    0x08001494   0x08001494   0x00000240   Code   RO         2184    i.HAL_DMA_IRQHandler  stm32f4xx_hal_dma.o
    0x080016d4   0x080016d4   0x000000ec   Code   RO         2185    i.HAL_DMA_Init      stm32f4xx_hal_dma.o
    0x080017c0   0x080017c0   0x00000092   Code   RO         2189    i.HAL_DMA_Start_IT  stm32f4xx_hal_dma.o
    0x08001852   0x08001852   0x00000002   PAD
    0x08001854   0x08001854   0x00000028   Code   RO         2621    i.HAL_Delay         stm32f4xx_hal.o
    0x0800187c   0x0800187c   0x000000ac   Code   RO         1904    i.HAL_FLASHEx_Erase  stm32f4xx_hal_flash_ex.o
    0x08001928   0x08001928   0x00000014   Code   RO         1779    i.HAL_FLASH_Lock    stm32f4xx_hal_flash.o
    0x0800193c   0x0800193c   0x00000098   Code   RO         1784    i.HAL_FLASH_Program  stm32f4xx_hal_flash.o
    0x080019d4   0x080019d4   0x00000034   Code   RO         1786    i.HAL_FLASH_Unlock  stm32f4xx_hal_flash.o
    0x08001a08   0x08001a08   0x00000110   Code   RO          858    i.HAL_FMC_MspInit   stm32f4xx_hal_msp.o
    0x08001b18   0x08001b18   0x0000006a   Code   RO         3640    i.HAL_FMPI2CEx_ConfigAnalogFilter  stm32f4xx_hal_fmpi2c_ex.o
    0x08001b82   0x08001b82   0x00000002   PAD
    0x08001b84   0x08001b84   0x000000c4   Code   RO         3219    i.HAL_FMPI2C_Init   stm32f4xx_hal_fmpi2c.o
    0x08001c48   0x08001c48   0x000001a0   Code   RO         3237    i.HAL_FMPI2C_Mem_Read  stm32f4xx_hal_fmpi2c.o
    0x08001de8   0x08001de8   0x00000088   Code   RO          860    i.HAL_FMPI2C_MspInit  stm32f4xx_hal_msp.o
    0x08001e70   0x08001e70   0x00000002   Code   RO         2070    i.HAL_GPIO_EXTI_Callback  stm32f4xx_hal_gpio.o
    0x08001e72   0x08001e72   0x00000002   PAD
    0x08001e74   0x08001e74   0x0000001c   Code   RO         2071    i.HAL_GPIO_EXTI_IRQHandler  stm32f4xx_hal_gpio.o
    0x08001e90   0x08001e90   0x000001f0   Code   RO         2072    i.HAL_GPIO_Init     stm32f4xx_hal_gpio.o
    0x08002080   0x08002080   0x0000000c   Code   RO         2076    i.HAL_GPIO_WritePin  stm32f4xx_hal_gpio.o
    0x0800208c   0x0800208c   0x0000000c   Code   RO         2627    i.HAL_GetTick       stm32f4xx_hal.o
    0x08002098   0x08002098   0x00000018   Code   RO         2633    i.HAL_IncTick       stm32f4xx_hal.o
    0x080020b0   0x080020b0   0x0000003c   Code   RO         2634    i.HAL_Init          stm32f4xx_hal.o
    0x080020ec   0x080020ec   0x0000008c   Code   RO          954    i.HAL_InitTick      stm32f4xx_hal_timebase_tim.o
    0x08002178   0x08002178   0x00000054   Code   RO          861    i.HAL_MspInit       stm32f4xx_hal_msp.o
    0x080021cc   0x080021cc   0x00000044   Code   RO         2478    i.HAL_NVIC_DisableIRQ  stm32f4xx_hal_cortex.o
    0x08002210   0x08002210   0x00000020   Code   RO         2479    i.HAL_NVIC_EnableIRQ  stm32f4xx_hal_cortex.o
    0x08002230   0x08002230   0x0000007c   Code   RO         2485    i.HAL_NVIC_SetPriority  stm32f4xx_hal_cortex.o
    0x080022ac   0x080022ac   0x00000028   Code   RO         2486    i.HAL_NVIC_SetPriorityGrouping  stm32f4xx_hal_cortex.o
    0x080022d4   0x080022d4   0x00000028   Code   RO         1218    i.HAL_PCDEx_ActivateLPM  stm32f4xx_hal_pcd_ex.o
    0x080022fc   0x080022fc   0x00000070   Code   RO          403    i.HAL_PCDEx_LPM_Callback  usbd_conf.o
    0x0800236c   0x0800236c   0x0000000a   Code   RO         1222    i.HAL_PCDEx_SetRxFiFo  stm32f4xx_hal_pcd_ex.o
    0x08002376   0x08002376   0x0000004e   Code   RO         1223    i.HAL_PCDEx_SetTxFiFo  stm32f4xx_hal_pcd_ex.o
    0x080023c4   0x080023c4   0x0000000e   Code   RO          404    i.HAL_PCD_ConnectCallback  usbd_conf.o
    0x080023d2   0x080023d2   0x00000020   Code   RO          405    i.HAL_PCD_DataInStageCallback  usbd_conf.o
    0x080023f2   0x080023f2   0x00000020   Code   RO          406    i.HAL_PCD_DataOutStageCallback  usbd_conf.o
    0x08002412   0x08002412   0x0000000e   Code   RO          407    i.HAL_PCD_DisconnectCallback  usbd_conf.o
    0x08002420   0x08002420   0x0000006a   Code   RO         1002    i.HAL_PCD_EP_Close  stm32f4xx_hal_pcd.o
    0x0800248a   0x0800248a   0x0000007c   Code   RO         1003    i.HAL_PCD_EP_ClrStall  stm32f4xx_hal_pcd.o
    0x08002506   0x08002506   0x00000016   Code   RO         1005    i.HAL_PCD_EP_GetRxCount  stm32f4xx_hal_pcd.o
    0x0800251c   0x0800251c   0x0000008c   Code   RO         1006    i.HAL_PCD_EP_Open   stm32f4xx_hal_pcd.o
    0x080025a8   0x080025a8   0x00000058   Code   RO         1007    i.HAL_PCD_EP_Receive  stm32f4xx_hal_pcd.o
    0x08002600   0x08002600   0x0000008a   Code   RO         1008    i.HAL_PCD_EP_SetStall  stm32f4xx_hal_pcd.o
    0x0800268a   0x0800268a   0x0000005a   Code   RO         1009    i.HAL_PCD_EP_Transmit  stm32f4xx_hal_pcd.o
    0x080026e4   0x080026e4   0x000005a0   Code   RO         1011    i.HAL_PCD_IRQHandler  stm32f4xx_hal_pcd.o
    0x08002c84   0x08002c84   0x00000012   Code   RO          408    i.HAL_PCD_ISOINIncompleteCallback  usbd_conf.o
    0x08002c96   0x08002c96   0x00000012   Code   RO          409    i.HAL_PCD_ISOOUTIncompleteCallback  usbd_conf.o
    0x08002ca8   0x08002ca8   0x00000172   Code   RO         1014    i.HAL_PCD_Init      stm32f4xx_hal_pcd.o
    0x08002e1a   0x08002e1a   0x00000002   PAD
    0x08002e1c   0x08002e1c   0x00000134   Code   RO          411    i.HAL_PCD_MspInit   usbd_conf.o
    0x08002f50   0x08002f50   0x00000030   Code   RO          412    i.HAL_PCD_ResetCallback  usbd_conf.o
    0x08002f80   0x08002f80   0x0000000e   Code   RO          413    i.HAL_PCD_ResumeCallback  usbd_conf.o
    0x08002f8e   0x08002f8e   0x0000000e   Code   RO          414    i.HAL_PCD_SOFCallback  usbd_conf.o
    0x08002f9c   0x08002f9c   0x00000036   Code   RO         1020    i.HAL_PCD_SetAddress  stm32f4xx_hal_pcd.o
    0x08002fd2   0x08002fd2   0x00000012   Code   RO          415    i.HAL_PCD_SetupStageCallback  usbd_conf.o
    0x08002fe4   0x08002fe4   0x0000004a   Code   RO         1022    i.HAL_PCD_Start     stm32f4xx_hal_pcd.o
    0x0800302e   0x0800302e   0x00000002   PAD
    0x08003030   0x08003030   0x00000034   Code   RO          416    i.HAL_PCD_SuspendCallback  usbd_conf.o
    0x08003064   0x08003064   0x0000008c   Code   RO         2408    i.HAL_PWREx_EnableOverDrive  stm32f4xx_hal_pwr_ex.o
    0x080030f0   0x080030f0   0x00000364   Code   RO         1685    i.HAL_RCCEx_GetPeriphCLKFreq  stm32f4xx_hal_rcc_ex.o
    0x08003454   0x08003454   0x00000558   Code   RO         1686    i.HAL_RCCEx_PeriphCLKConfig  stm32f4xx_hal_rcc_ex.o
    0x080039ac   0x080039ac   0x00000184   Code   RO         1579    i.HAL_RCC_ClockConfig  stm32f4xx_hal_rcc.o
    0x08003b30   0x08003b30   0x00000044   Code   RO         1583    i.HAL_RCC_GetClockConfig  stm32f4xx_hal_rcc.o
    0x08003b74   0x08003b74   0x0000000c   Code   RO         1584    i.HAL_RCC_GetHCLKFreq  stm32f4xx_hal_rcc.o
    0x08003b80   0x08003b80   0x00000020   Code   RO         1586    i.HAL_RCC_GetPCLK1Freq  stm32f4xx_hal_rcc.o
    0x08003ba0   0x08003ba0   0x00000118   Code   RO         1690    i.HAL_RCC_GetSysClockFreq  stm32f4xx_hal_rcc_ex.o
    0x08003cb8   0x08003cb8   0x00000480   Code   RO         1691    i.HAL_RCC_OscConfig  stm32f4xx_hal_rcc_ex.o
    0x08004138   0x08004138   0x000000bc   Code   RO         3682    i.HAL_SAI_Abort     stm32f4xx_hal_sai.o
    0x080041f4   0x080041f4   0x00000002   Code   RO         3691    i.HAL_SAI_ErrorCallback  stm32f4xx_hal_sai.o
    0x080041f6   0x080041f6   0x00000002   PAD
    0x080041f8   0x080041f8   0x000001e8   Code   RO         3694    i.HAL_SAI_IRQHandler  stm32f4xx_hal_sai.o
    0x080043e0   0x080043e0   0x000001a0   Code   RO         3695    i.HAL_SAI_Init      stm32f4xx_hal_sai.o
    0x08004580   0x08004580   0x000000cc   Code   RO          863    i.HAL_SAI_MspInit   stm32f4xx_hal_msp.o
    0x0800464c   0x0800464c   0x000000d0   Code   RO         3700    i.HAL_SAI_Receive_DMA  stm32f4xx_hal_sai.o
    0x0800471c   0x0800471c   0x00000020   Code   RO         6683    i.HAL_SAI_RxCpltCallback  ad7768.o
    0x0800473c   0x0800473c   0x00000018   Code   RO         6684    i.HAL_SAI_RxHalfCpltCallback  ad7768.o
    0x08004754   0x08004754   0x00000040   Code   RO         3028    i.HAL_SDRAM_Init    stm32f4xx_hal_sdram.o
    0x08004794   0x08004794   0x0000000a   Code   RO          865    i.HAL_SDRAM_MspInit  stm32f4xx_hal_msp.o
    0x0800479e   0x0800479e   0x00000028   Code   RO         3031    i.HAL_SDRAM_ProgramRefreshRate  stm32f4xx_hal_sdram.o
    0x080047c6   0x080047c6   0x0000003a   Code   RO         3037    i.HAL_SDRAM_SendCommand  stm32f4xx_hal_sdram.o
    0x08004800   0x08004800   0x0000008c   Code   RO         3988    i.HAL_SPI_Init      stm32f4xx_hal_spi.o
    0x0800488c   0x0800488c   0x00000088   Code   RO          867    i.HAL_SPI_MspInit   stm32f4xx_hal_msp.o
    0x08004914   0x08004914   0x0000022a   Code   RO         3997    i.HAL_SPI_TransmitReceive  stm32f4xx_hal_spi.o
    0x08004b3e   0x08004b3e   0x00000002   Code   RO         4987    i.HAL_TIMEx_BreakCallback  stm32f4xx_hal_tim_ex.o
    0x08004b40   0x08004b40   0x00000002   Code   RO         4988    i.HAL_TIMEx_CommutCallback  stm32f4xx_hal_tim_ex.o
    0x08004b42   0x08004b42   0x00000002   PAD
    0x08004b44   0x08004b44   0x000000b4   Code   RO         5005    i.HAL_TIMEx_MasterConfigSynchronization  stm32f4xx_hal_tim_ex.o
    0x08004bf8   0x08004bf8   0x00000034   Code   RO         4301    i.HAL_TIM_Base_Init  stm32f4xx_hal_tim.o
    0x08004c2c   0x08004c2c   0x00000084   Code   RO          869    i.HAL_TIM_Base_MspInit  stm32f4xx_hal_msp.o
    0x08004cb0   0x08004cb0   0x0000002a   Code   RO         4304    i.HAL_TIM_Base_Start  stm32f4xx_hal_tim.o
    0x08004cda   0x08004cda   0x0000002a   Code   RO         4306    i.HAL_TIM_Base_Start_IT  stm32f4xx_hal_tim.o
    0x08004d04   0x08004d04   0x00000038   Code   RO         4307    i.HAL_TIM_Base_Stop  stm32f4xx_hal_tim.o
    0x08004d3c   0x08004d3c   0x00000002   Code   RO         4330    i.HAL_TIM_IC_CaptureCallback  stm32f4xx_hal_tim.o
    0x08004d3e   0x08004d3e   0x00000196   Code   RO         4344    i.HAL_TIM_IRQHandler  stm32f4xx_hal_tim.o
    0x08004ed4   0x08004ed4   0x00000002   Code   RO         4347    i.HAL_TIM_OC_DelayElapsedCallback  stm32f4xx_hal_tim.o
    0x08004ed6   0x08004ed6   0x00000002   Code   RO         4374    i.HAL_TIM_PWM_PulseFinishedCallback  stm32f4xx_hal_tim.o
    0x08004ed8   0x08004ed8   0x00000018   Code   RO           14    i.HAL_TIM_PeriodElapsedCallback  main.o
    0x08004ef0   0x08004ef0   0x0000006c   Code   RO         4385    i.HAL_TIM_SlaveConfigSynchro  stm32f4xx_hal_tim.o
    0x08004f5c   0x08004f5c   0x00000002   Code   RO         4387    i.HAL_TIM_TriggerCallback  stm32f4xx_hal_tim.o
    0x08004f5e   0x08004f5e   0x00000004   Code   RO          770    i.HardFault_Handler  stm32f4xx_it.o
    0x08004f62   0x08004f62   0x0000003e   Code   RO          605    i.IntToUnicode      usbd_desc.o
    0x08004fa0   0x08004fa0   0x00000038   Code   RO           15    i.MX_DMA_Init       main.o
    0x08004fd8   0x08004fd8   0x00000078   Code   RO           16    i.MX_FMC_Init       main.o
    0x08005050   0x08005050   0x00000048   Code   RO           17    i.MX_FMPI2C1_Init   main.o
    0x08005098   0x08005098   0x00000224   Code   RO           18    i.MX_GPIO_Init      main.o
    0x080052bc   0x080052bc   0x00000078   Code   RO           19    i.MX_SAI1_Init      main.o
    0x08005334   0x08005334   0x00000044   Code   RO           20    i.MX_SPI4_Init      main.o
    0x08005378   0x08005378   0x00000078   Code   RO           21    i.MX_TIM5_Init      main.o
    0x080053f0   0x080053f0   0x0000004c   Code   RO          372    i.MX_USB_DEVICE_Init  usb_device.o
    0x0800543c   0x0800543c   0x00000004   Code   RO          771    i.MemManage_Handler  stm32f4xx_it.o
    0x08005440   0x08005440   0x00000002   Code   RO          772    i.NMI_Handler       stm32f4xx_it.o
    0x08005442   0x08005442   0x00000002   PAD
    0x08005444   0x08005444   0x00000010   Code   RO          773    i.OTG_HS_IRQHandler  stm32f4xx_it.o
    0x08005454   0x08005454   0x00000064   Code   RO         1025    i.PCD_EP_OutSetupPacket_int  stm32f4xx_hal_pcd.o
    0x080054b8   0x080054b8   0x0000017c   Code   RO         1026    i.PCD_EP_OutXfrComplete_int  stm32f4xx_hal_pcd.o
    0x08005634   0x08005634   0x000000b6   Code   RO         1027    i.PCD_WriteEmptyTxFifo  stm32f4xx_hal_pcd.o
    0x080056ea   0x080056ea   0x00000002   PAD
    0x080056ec   0x080056ec   0x00000010   Code   RO          774    i.SAI1_IRQHandler   stm32f4xx_it.o
    0x080056fc   0x080056fc   0x00000054   Code   RO         3947    i.SAI_BlockSynchroConfig  stm32f4xx_hal_sai_ex.o
    0x08005750   0x08005750   0x0000004c   Code   RO         3709    i.SAI_DMAAbort      stm32f4xx_hal_sai.o
    0x0800579c   0x0800579c   0x00000048   Code   RO         3710    i.SAI_DMAError      stm32f4xx_hal_sai.o
    0x080057e4   0x080057e4   0x00000040   Code   RO         3711    i.SAI_DMARxCplt     stm32f4xx_hal_sai.o
    0x08005824   0x08005824   0x0000000e   Code   RO         3712    i.SAI_DMARxHalfCplt  stm32f4xx_hal_sai.o
    0x08005832   0x08005832   0x00000002   PAD
    0x08005834   0x08005834   0x00000054   Code   RO         3715    i.SAI_Disable       stm32f4xx_hal_sai.o
    0x08005888   0x08005888   0x00000034   Code   RO         3948    i.SAI_GetInputClock  stm32f4xx_hal_sai_ex.o
    0x080058bc   0x080058bc   0x0000003a   Code   RO         3719    i.SAI_InterruptFlag  stm32f4xx_hal_sai.o
    0x080058f6   0x080058f6   0x00000092   Code   RO         6641    i.SDRAM_Initialization_Sequence  sdram.o
    0x08005988   0x08005988   0x0000006c   Code   RO         4026    i.SPI_EndRxTxTransaction  stm32f4xx_hal_spi.o
    0x080059f4   0x080059f4   0x000000a8   Code   RO         4031    i.SPI_WaitFlagStateUntilTimeout  stm32f4xx_hal_spi.o
    0x08005a9c   0x08005a9c   0x00000012   Code   RO         7388    i.SWAPBYTE          usbd_ctlreq.o
    0x08005aae   0x08005aae   0x00000002   PAD
    0x08005ab0   0x08005ab0   0x00000058   Code   RO           22    i.StartDefaultTask  main.o
    0x08005b08   0x08005b08   0x00000034   Code   RO         6496    i.SysTick_Handler   port.o
    0x08005b3c   0x08005b3c   0x000000ec   Code   RO           23    i.SystemClock_Config  main.o
    0x08005c28   0x08005c28   0x00000064   Code   RO         5239    i.SystemInit        system_stm32f4xx.o
    0x08005c8c   0x08005c8c   0x00000010   Code   RO          775    i.TIM6_DAC_IRQHandler  stm32f4xx_it.o
    0x08005c9c   0x08005c9c   0x000000d8   Code   RO         4389    i.TIM_Base_SetConfig  stm32f4xx_hal_tim.o
    0x08005d74   0x08005d74   0x00000016   Code   RO         4400    i.TIM_ETR_SetConfig  stm32f4xx_hal_tim.o
    0x08005d8a   0x08005d8a   0x000000aa   Code   RO         4406    i.TIM_SlaveTimer_SetConfig  stm32f4xx_hal_tim.o
    0x08005e34   0x08005e34   0x00000026   Code   RO         4407    i.TIM_TI1_ConfigInputStage  stm32f4xx_hal_tim.o
    0x08005e5a   0x08005e5a   0x00000028   Code   RO         4409    i.TIM_TI2_ConfigInputStage  stm32f4xx_hal_tim.o
    0x08005e82   0x08005e82   0x0000008c   Code   RO         7551    i.USBD_CDC_DataIn   usbd_cdc.o
    0x08005f0e   0x08005f0e   0x00000034   Code   RO         7552    i.USBD_CDC_DataOut  usbd_cdc.o
    0x08005f42   0x08005f42   0x00000054   Code   RO         7553    i.USBD_CDC_DeInit   usbd_cdc.o
    0x08005f96   0x08005f96   0x00000032   Code   RO         7554    i.USBD_CDC_EP0_RxReady  usbd_cdc.o
    0x08005fc8   0x08005fc8   0x00000010   Code   RO         7555    i.USBD_CDC_GetDeviceQualifierDescriptor  usbd_cdc.o
    0x08005fd8   0x08005fd8   0x00000010   Code   RO         7556    i.USBD_CDC_GetFSCfgDesc  usbd_cdc.o
    0x08005fe8   0x08005fe8   0x00000010   Code   RO         7557    i.USBD_CDC_GetHSCfgDesc  usbd_cdc.o
    0x08005ff8   0x08005ff8   0x00000010   Code   RO         7558    i.USBD_CDC_GetOtherSpeedCfgDesc  usbd_cdc.o
    0x08006008   0x08006008   0x000000c0   Code   RO         7559    i.USBD_CDC_Init     usbd_cdc.o
    0x080060c8   0x080060c8   0x0000003a   Code   RO         7560    i.USBD_CDC_ReceivePacket  usbd_cdc.o
    0x08006102   0x08006102   0x00000010   Code   RO         7561    i.USBD_CDC_RegisterInterface  usbd_cdc.o
    0x08006112   0x08006112   0x0000000e   Code   RO         7562    i.USBD_CDC_SetRxBuffer  usbd_cdc.o
    0x08006120   0x08006120   0x00000014   Code   RO         7563    i.USBD_CDC_SetTxBuffer  usbd_cdc.o
    0x08006134   0x08006134   0x000000fa   Code   RO         7564    i.USBD_CDC_Setup    usbd_cdc.o
    0x0800622e   0x0800622e   0x0000003c   Code   RO         7565    i.USBD_CDC_TransmitPacket  usbd_cdc.o
    0x0800626a   0x0800626a   0x0000001c   Code   RO         7250    i.USBD_ClrClassConfig  usbd_core.o
    0x08006286   0x08006286   0x0000003e   Code   RO         7389    i.USBD_ClrFeature   usbd_ctlreq.o
    0x080062c4   0x080062c4   0x00000018   Code   RO         7491    i.USBD_CtlContinueRx  usbd_ioreq.o
    0x080062dc   0x080062dc   0x00000018   Code   RO         7492    i.USBD_CtlContinueSendData  usbd_ioreq.o
    0x080062f4   0x080062f4   0x00000018   Code   RO         7390    i.USBD_CtlError     usbd_ctlreq.o
    0x0800630c   0x0800630c   0x00000028   Code   RO         7493    i.USBD_CtlPrepareRx  usbd_ioreq.o
    0x08006334   0x08006334   0x0000001a   Code   RO         7494    i.USBD_CtlReceiveStatus  usbd_ioreq.o
    0x0800634e   0x0800634e   0x00000022   Code   RO         7495    i.USBD_CtlSendData  usbd_ioreq.o
    0x08006370   0x08006370   0x0000001a   Code   RO         7496    i.USBD_CtlSendStatus  usbd_ioreq.o
    0x0800638a   0x0800638a   0x00000056   Code   RO         7391    i.USBD_GetConfig    usbd_ctlreq.o
    0x080063e0   0x080063e0   0x00000232   Code   RO         7392    i.USBD_GetDescriptor  usbd_ctlreq.o
    0x08006612   0x08006612   0x00000016   Code   RO         7393    i.USBD_GetLen       usbd_ctlreq.o
    0x08006628   0x08006628   0x0000005a   Code   RO         7394    i.USBD_GetStatus    usbd_ctlreq.o
    0x08006682   0x08006682   0x00000054   Code   RO         7395    i.USBD_GetString    usbd_ctlreq.o
    0x080066d6   0x080066d6   0x0000002c   Code   RO          417    i.USBD_Get_USB_Status  usbd_conf.o
    0x08006702   0x08006702   0x00000002   PAD
    0x08006704   0x08006704   0x00000034   Code   RO          606    i.USBD_HS_ConfigStrDescriptor  usbd_desc.o
    0x08006738   0x08006738   0x00000010   Code   RO          607    i.USBD_HS_DeviceDescriptor  usbd_desc.o
    0x08006748   0x08006748   0x00000038   Code   RO          608    i.USBD_HS_InterfaceStrDescriptor  usbd_desc.o
    0x08006780   0x08006780   0x00000010   Code   RO          609    i.USBD_HS_LangIDStrDescriptor  usbd_desc.o
    0x08006790   0x08006790   0x0000002c   Code   RO          610    i.USBD_HS_ManufacturerStrDescriptor  usbd_desc.o
    0x080067bc   0x080067bc   0x00000040   Code   RO          611    i.USBD_HS_ProductStrDescriptor  usbd_desc.o
    0x080067fc   0x080067fc   0x00000018   Code   RO          612    i.USBD_HS_SerialStrDescriptor  usbd_desc.o
    0x08006814   0x08006814   0x00000010   Code   RO          613    i.USBD_HS_USR_BOSDescriptor  usbd_desc.o
    0x08006824   0x08006824   0x00000044   Code   RO         7252    i.USBD_Init         usbd_core.o
    0x08006868   0x08006868   0x00000026   Code   RO          418    i.USBD_LL_ClearStallEP  usbd_conf.o
    0x0800688e   0x0800688e   0x00000026   Code   RO          419    i.USBD_LL_CloseEP   usbd_conf.o
    0x080068b4   0x080068b4   0x000000e6   Code   RO         7253    i.USBD_LL_DataInStage  usbd_core.o
    0x0800699a   0x0800699a   0x00000092   Code   RO         7254    i.USBD_LL_DataOutStage  usbd_core.o
    0x08006a2c   0x08006a2c   0x00000006   Code   RO         7255    i.USBD_LL_DevConnected  usbd_core.o
    0x08006a32   0x08006a32   0x00000020   Code   RO         7256    i.USBD_LL_DevDisconnected  usbd_core.o
    0x08006a52   0x08006a52   0x00000012   Code   RO          423    i.USBD_LL_GetRxDataSize  usbd_conf.o
    0x08006a64   0x08006a64   0x00000070   Code   RO          424    i.USBD_LL_Init      usbd_conf.o
    0x08006ad4   0x08006ad4   0x00000038   Code   RO          425    i.USBD_LL_IsStallEP  usbd_conf.o
    0x08006b0c   0x08006b0c   0x00000006   Code   RO         7257    i.USBD_LL_IsoINIncomplete  usbd_core.o
    0x08006b12   0x08006b12   0x00000006   Code   RO         7258    i.USBD_LL_IsoOUTIncomplete  usbd_core.o
    0x08006b18   0x08006b18   0x00000030   Code   RO          426    i.USBD_LL_OpenEP    usbd_conf.o
    0x08006b48   0x08006b48   0x00000030   Code   RO          427    i.USBD_LL_PrepareReceive  usbd_conf.o
    0x08006b78   0x08006b78   0x0000005a   Code   RO         7259    i.USBD_LL_Reset     usbd_core.o
    0x08006bd2   0x08006bd2   0x00000016   Code   RO         7260    i.USBD_LL_Resume    usbd_core.o
    0x08006be8   0x08006be8   0x00000022   Code   RO         7261    i.USBD_LL_SOF       usbd_core.o
    0x08006c0a   0x08006c0a   0x00000008   Code   RO         7262    i.USBD_LL_SetSpeed  usbd_core.o
    0x08006c12   0x08006c12   0x00000026   Code   RO          428    i.USBD_LL_SetUSBAddress  usbd_conf.o
    0x08006c38   0x08006c38   0x00000076   Code   RO         7263    i.USBD_LL_SetupStage  usbd_core.o
    0x08006cae   0x08006cae   0x00000026   Code   RO          429    i.USBD_LL_StallEP   usbd_conf.o
    0x08006cd4   0x08006cd4   0x0000001e   Code   RO          430    i.USBD_LL_Start     usbd_conf.o
    0x08006cf2   0x08006cf2   0x00000014   Code   RO         7264    i.USBD_LL_Suspend   usbd_core.o
    0x08006d06   0x08006d06   0x00000030   Code   RO          432    i.USBD_LL_Transmit  usbd_conf.o
    0x08006d36   0x08006d36   0x00000036   Code   RO         7396    i.USBD_ParseSetupRequest  usbd_ctlreq.o
    0x08006d6c   0x08006d6c   0x00000026   Code   RO         7265    i.USBD_RegisterClass  usbd_core.o
    0x08006d92   0x08006d92   0x00000006   Code   RO         7266    i.USBD_RunTestMode  usbd_core.o
    0x08006d98   0x08006d98   0x0000005a   Code   RO         7397    i.USBD_SetAddress   usbd_ctlreq.o
    0x08006df2   0x08006df2   0x00000020   Code   RO         7267    i.USBD_SetClassConfig  usbd_core.o
    0x08006e12   0x08006e12   0x00000002   PAD
    0x08006e14   0x08006e14   0x000000fc   Code   RO         7398    i.USBD_SetConfig    usbd_ctlreq.o
    0x08006f10   0x08006f10   0x00000018   Code   RO         7399    i.USBD_SetFeature   usbd_ctlreq.o
    0x08006f28   0x08006f28   0x0000000c   Code   RO         7268    i.USBD_Start        usbd_core.o
    0x08006f34   0x08006f34   0x000000a6   Code   RO         7400    i.USBD_StdDevReq    usbd_ctlreq.o
    0x08006fda   0x08006fda   0x0000022a   Code   RO         7401    i.USBD_StdEPReq     usbd_ctlreq.o
    0x08007204   0x08007204   0x0000007e   Code   RO         7402    i.USBD_StdItfReq    usbd_ctlreq.o
    0x08007282   0x08007282   0x00000002   PAD
    0x08007284   0x08007284   0x000000d0   Code   RO         1273    i.USB_ActivateEndpoint  stm32f4xx_ll_usb.o
    0x08007354   0x08007354   0x00000028   Code   RO         1275    i.USB_ActivateSetup  stm32f4xx_ll_usb.o
    0x0800737c   0x0800737c   0x00000084   Code   RO         1277    i.USB_CoreInit      stm32f4xx_ll_usb.o
    0x08007400   0x08007400   0x0000004c   Code   RO         1278    i.USB_CoreReset     stm32f4xx_ll_usb.o
    0x0800744c   0x0800744c   0x0000014c   Code   RO         1281    i.USB_DeactivateEndpoint  stm32f4xx_ll_usb.o
    0x08007598   0x08007598   0x00000020   Code   RO         1282    i.USB_DevConnect    stm32f4xx_ll_usb.o
    0x080075b8   0x080075b8   0x00000020   Code   RO         1283    i.USB_DevDisconnect  stm32f4xx_ll_usb.o
    0x080075d8   0x080075d8   0x000001d8   Code   RO         1284    i.USB_DevInit       stm32f4xx_ll_usb.o
    0x080077b0   0x080077b0   0x0000000e   Code   RO         1285    i.USB_DisableGlobalInt  stm32f4xx_ll_usb.o
    0x080077be   0x080077be   0x00000002   PAD
    0x080077c0   0x080077c0   0x000001d8   Code   RO         1288    i.USB_EP0StartXfer  stm32f4xx_ll_usb.o
    0x08007998   0x08007998   0x00000070   Code   RO         1289    i.USB_EP0_OutStart  stm32f4xx_ll_usb.o
    0x08007a08   0x08007a08   0x0000008e   Code   RO         1290    i.USB_EPClearStall  stm32f4xx_ll_usb.o
    0x08007a96   0x08007a96   0x0000009a   Code   RO         1291    i.USB_EPSetStall    stm32f4xx_ll_usb.o
    0x08007b30   0x08007b30   0x00000344   Code   RO         1292    i.USB_EPStartXfer   stm32f4xx_ll_usb.o
    0x08007e74   0x08007e74   0x0000000e   Code   RO         1293    i.USB_EnableGlobalInt  stm32f4xx_ll_usb.o
    0x08007e82   0x08007e82   0x00000002   PAD
    0x08007e84   0x08007e84   0x0000002c   Code   RO         1294    i.USB_FlushRxFifo   stm32f4xx_ll_usb.o
    0x08007eb0   0x08007eb0   0x00000030   Code   RO         1295    i.USB_FlushTxFifo   stm32f4xx_ll_usb.o
    0x08007ee0   0x08007ee0   0x00000026   Code   RO         1297    i.USB_GetDevSpeed   stm32f4xx_ll_usb.o
    0x08007f06   0x08007f06   0x0000000a   Code   RO         1299    i.USB_GetMode       stm32f4xx_ll_usb.o
    0x08007f10   0x08007f10   0x00000014   Code   RO         1306    i.USB_ReadDevAllInEpInterrupt  stm32f4xx_ll_usb.o
    0x08007f24   0x08007f24   0x00000014   Code   RO         1307    i.USB_ReadDevAllOutEpInterrupt  stm32f4xx_ll_usb.o
    0x08007f38   0x08007f38   0x00000032   Code   RO         1308    i.USB_ReadDevInEPInterrupt  stm32f4xx_ll_usb.o
    0x08007f6a   0x08007f6a   0x0000001a   Code   RO         1309    i.USB_ReadDevOutEPInterrupt  stm32f4xx_ll_usb.o
    0x08007f84   0x08007f84   0x0000000a   Code   RO         1310    i.USB_ReadInterrupts  stm32f4xx_ll_usb.o
    0x08007f8e   0x08007f8e   0x00000022   Code   RO         1311    i.USB_ReadPacket    stm32f4xx_ll_usb.o
    0x08007fb0   0x08007fb0   0x00000036   Code   RO         1313    i.USB_SetCurrentMode  stm32f4xx_ll_usb.o
    0x08007fe6   0x08007fe6   0x0000002a   Code   RO         1314    i.USB_SetDevAddress  stm32f4xx_ll_usb.o
    0x08008010   0x08008010   0x00000012   Code   RO         1315    i.USB_SetDevSpeed   stm32f4xx_ll_usb.o
    0x08008022   0x08008022   0x00000002   PAD
    0x08008024   0x08008024   0x000000e8   Code   RO         1316    i.USB_SetTurnaroundTime  stm32f4xx_ll_usb.o
    0x0800810c   0x0800810c   0x0000003c   Code   RO         1319    i.USB_WritePacket   stm32f4xx_ll_usb.o
    0x08008148   0x08008148   0x00000004   Code   RO          776    i.UsageFault_Handler  stm32f4xx_it.o
    0x0800814c   0x0800814c   0x000000c0   Code   RO           24    i.UsbTask           main.o
    0x0800820c   0x0800820c   0x00000020   Code   RO         7827    i.__0printf$6       mc_w.l(printf6.o)
    0x0800822c   0x0800822c   0x00000028   Code   RO         7829    i.__0sprintf$6      mc_w.l(printf6.o)
    0x08008254   0x08008254   0x00000010   Code   RO         2492    i.__NVIC_GetPriorityGrouping  stm32f4xx_hal_cortex.o
    0x08008264   0x08008264   0x00000028   Code   RO         2493    i.__NVIC_SetPriority  stm32f4xx_hal_cortex.o
    0x0800828c   0x0800828c   0x0000000e   Code   RO         8024    i.__scatterload_copy  mc_w.l(handlers.o)
    0x0800829a   0x0800829a   0x00000002   Code   RO         8025    i.__scatterload_null  mc_w.l(handlers.o)
    0x0800829c   0x0800829c   0x0000000e   Code   RO         8026    i.__scatterload_zeroinit  mc_w.l(handlers.o)
    0x080082aa   0x080082aa   0x00000002   PAD
    0x080082ac   0x080082ac   0x000002f0   Code   RO         7834    i._printf_core      mc_w.l(printf6.o)
    0x0800859c   0x0800859c   0x00000024   Code   RO         7835    i._printf_post_padding  mc_w.l(printf6.o)
    0x080085c0   0x080085c0   0x0000002e   Code   RO         7836    i._printf_pre_padding  mc_w.l(printf6.o)
    0x080085ee   0x080085ee   0x0000000a   Code   RO         7838    i._sputc            mc_w.l(printf6.o)
    0x080085f8   0x080085f8   0x00000058   Code   RO         6685    i.ad7768_IEPE_set   ad7768.o
    0x08008650   0x08008650   0x00000058   Code   RO         6686    i.ad7768_coupling_set  ad7768.o
    0x080086a8   0x080086a8   0x00000044   Code   RO         6687    i.ad7768_ext_clk_set  ad7768.o
    0x080086ec   0x080086ec   0x00000050   Code   RO         6688    i.ad7768_gain_set   ad7768.o
    0x0800873c   0x0800873c   0x0000011c   Code   RO         6698    i.ad7768_rate_set   ad7768.o
    0x08008858   0x08008858   0x00000130   Code   RO         6699    i.ad7768_reset      ad7768.o
    0x08008988   0x08008988   0x0000002c   Code   RO         6701    i.ad7768_set_ch_state  ad7768.o
    0x080089b4   0x080089b4   0x000000ac   Code   RO         6702    i.ad7768_set_conv_op  ad7768.o
    0x08008a60   0x08008a60   0x0000001c   Code   RO         6703    i.ad7768_set_crc_sel  ad7768.o
    0x08008a7c   0x08008a7c   0x00000098   Code   RO         6704    i.ad7768_set_dclk_div  ad7768.o
    0x08008b14   0x08008b14   0x0000001c   Code   RO         6705    i.ad7768_set_mclk_div  ad7768.o
    0x08008b30   0x08008b30   0x00000046   Code   RO         6706    i.ad7768_set_mode_config  ad7768.o
    0x08008b76   0x08008b76   0x00000002   PAD
    0x08008b78   0x08008b78   0x00000074   Code   RO         6707    i.ad7768_set_mode_pins  ad7768.o
    0x08008bec   0x08008bec   0x0000009c   Code   RO         6708    i.ad7768_set_power_mode  ad7768.o
    0x08008c88   0x08008c88   0x00000020   Code   RO         6709    i.ad7768_set_sleep_mode  ad7768.o
    0x08008ca8   0x08008ca8   0x000000e4   Code   RO         6710    i.ad7768_setup      ad7768.o
    0x08008d8c   0x08008d8c   0x0000004e   Code   RO         6711    i.ad7768_spi_read   ad7768.o
    0x08008dda   0x08008dda   0x00000024   Code   RO         6713    i.ad7768_spi_write  ad7768.o
    0x08008dfe   0x08008dfe   0x0000003c   Code   RO         6714    i.ad7768_spi_write_mask  ad7768.o
    0x08008e3a   0x08008e3a   0x00000002   PAD
    0x08008e3c   0x08008e3c   0x00000074   Code   RO         6715    i.ad7768_start      ad7768.o
    0x08008eb0   0x08008eb0   0x00000028   Code   RO         6716    i.ad7768_stop       ad7768.o
    0x08008ed8   0x08008ed8   0x00000024   Code   RO         7013    i.at_DATA_get       at.o
    0x08008efc   0x08008efc   0x00000038   Code   RO         7014    i.at_DATA_set       at.o
    0x08008f34   0x08008f34   0x0000004c   Code   RO         7015    i.at_GAIN_get       at.o
    0x08008f80   0x08008f80   0x00000044   Code   RO         7016    i.at_GAIN_set       at.o
    0x08008fc4   0x08008fc4   0x0000005c   Code   RO         7017    i.at_IEPE_get       at.o
    0x08009020   0x08009020   0x00000040   Code   RO         7018    i.at_IEPE_set       at.o
    0x08009060   0x08009060   0x00000024   Code   RO         7019    i.at_RATE_get       at.o
    0x08009084   0x08009084   0x00000044   Code   RO         7020    i.at_RATE_set       at.o
    0x080090c8   0x080090c8   0x0000000c   Code   RO         7021    i.at_RST            at.o
    0x080090d4   0x080090d4   0x00000028   Code   RO         7022    i.at_TRIG_get       at.o
    0x080090fc   0x080090fc   0x00000024   Code   RO         7023    i.at_TRIG_set       at.o
    0x08009120   0x08009120   0x00000028   Code   RO         7024    i.at_TYPE_get       at.o
    0x08009148   0x08009148   0x00000020   Code   RO         7025    i.at_TYPE_set       at.o
    0x08009168   0x08009168   0x0000005c   Code   RO         7026    i.at_ch_state_get   at.o
    0x080091c4   0x080091c4   0x00000048   Code   RO         7027    i.at_ch_state_set   at.o
    0x0800920c   0x0800920c   0x0000005c   Code   RO         7028    i.at_coupling_get   at.o
    0x08009268   0x08009268   0x00000040   Code   RO         7029    i.at_coupling_set   at.o
    0x080092a8   0x080092a8   0x00000044   Code   RO         7030    i.at_reset          at.o
    0x080092ec   0x080092ec   0x00000006   Code   RO         7031    i.at_return_error   at.o
    0x080092f2   0x080092f2   0x00000002   PAD
    0x080092f4   0x080092f4   0x00000014   Code   RO         7033    i.at_save           at.o
    0x08009308   0x08009308   0x00000020   Code   RO         7034    i.at_start          at.o
    0x08009328   0x08009328   0x00000020   Code   RO         7035    i.at_stop           at.o
    0x08009348   0x08009348   0x0000001c   Code   RO         7036    i.at_version_get    at.o
    0x08009364   0x08009364   0x00000020   Code   RO         7200    i.com_error         command.o
    0x08009384   0x08009384   0x00000048   Code   RO         6717    i.digital_trig_set  ad7768.o
    0x080093cc   0x080093cc   0x00000020   Code   RO         6607    i.flash_read        flash.o
    0x080093ec   0x080093ec   0x000000bc   Code   RO         6608    i.flash_write       flash.o
    0x080094a8   0x080094a8   0x00000012   Code   RO         7979    i.fputc             mc_w.l(fputc.o)
    0x080094ba   0x080094ba   0x00000002   PAD
    0x080094bc   0x080094bc   0x00000050   Code   RO         7933    i.free              mc_w.l(malloc.o)
    0x0800950c   0x0800950c   0x00000006   Code   RO         6932    i.gpio_set_value    gpio.o
    0x08009512   0x08009512   0x00000010   Code   RO         6065    i.inHandlerMode     cmsis_os.o
    0x08009522   0x08009522   0x00000002   PAD
    0x08009524   0x08009524   0x000000ac   Code   RO           25    i.main              main.o
    0x080095d0   0x080095d0   0x0000000e   Code   RO         6067    i.makeFreeRtosPriority  cmsis_os.o
    0x080095de   0x080095de   0x00000002   PAD
    0x080095e0   0x080095e0   0x0000006c   Code   RO         7934    i.malloc            mc_w.l(malloc.o)
    0x0800964c   0x0800964c   0x00000018   Code   RO         6069    i.osDelay           cmsis_os.o
    0x08009664   0x08009664   0x0000000a   Code   RO         6072    i.osKernelStart     cmsis_os.o
    0x0800966e   0x0800966e   0x00000028   Code   RO         6081    i.osMessageCreate   cmsis_os.o
    0x08009696   0x08009696   0x00000002   PAD
    0x08009698   0x08009698   0x0000009c   Code   RO         6083    i.osMessageGet      cmsis_os.o
    0x08009734   0x08009734   0x00000060   Code   RO         6085    i.osMessagePut      cmsis_os.o
    0x08009794   0x08009794   0x0000004a   Code   RO         6098    i.osSemaphoreCreate  cmsis_os.o
    0x080097de   0x080097de   0x00000002   PAD
    0x080097e0   0x080097e0   0x00000050   Code   RO         6101    i.osSemaphoreRelease  cmsis_os.o
    0x08009830   0x08009830   0x00000068   Code   RO         6102    i.osSemaphoreWait   cmsis_os.o
    0x08009898   0x08009898   0x0000005e   Code   RO         6106    i.osThreadCreate    cmsis_os.o
    0x080098f6   0x080098f6   0x00000002   PAD
    0x080098f8   0x080098f8   0x0000011c   Code   RO         7201    i.parse_cmd         command.o
    0x08009a14   0x08009a14   0x00000098   Code   RO         5750    i.prvAddCurrentTaskToDelayedList  tasks.o
    0x08009aac   0x08009aac   0x000000b4   Code   RO         5751    i.prvAddNewTaskToReadyList  tasks.o
    0x08009b60   0x08009b60   0x00000048   Code   RO         5752    i.prvCheckTasksWaitingTermination  tasks.o
    0x08009ba8   0x08009ba8   0x0000002a   Code   RO         5416    i.prvCopyDataFromQueue  queue.o
    0x08009bd2   0x08009bd2   0x0000007e   Code   RO         5417    i.prvCopyDataToQueue  queue.o
    0x08009c50   0x08009c50   0x00000050   Code   RO         5753    i.prvDeleteTCB      tasks.o
    0x08009ca0   0x08009ca0   0x00000014   Code   RO         5418    i.prvGetDisinheritPriorityAfterTimeout  queue.o
    0x08009cb4   0x08009cb4   0x0000007c   Code   RO         6434    i.prvHeapInit       heap_4.o
    0x08009d30   0x08009d30   0x00000028   Code   RO         5754    i.prvIdleTask       tasks.o
    0x08009d58   0x08009d58   0x00000026   Code   RO         5420    i.prvInitialiseNewQueue  queue.o
    0x08009d7e   0x08009d7e   0x000000b4   Code   RO         5755    i.prvInitialiseNewTask  tasks.o
    0x08009e32   0x08009e32   0x00000002   PAD
    0x08009e34   0x08009e34   0x00000068   Code   RO         5756    i.prvInitialiseTaskLists  tasks.o
    0x08009e9c   0x08009e9c   0x00000068   Code   RO         6435    i.prvInsertBlockIntoFreeList  heap_4.o
    0x08009f04   0x08009f04   0x0000001a   Code   RO         5421    i.prvIsQueueEmpty   queue.o
    0x08009f1e   0x08009f1e   0x0000001e   Code   RO         5422    i.prvIsQueueFull    queue.o
    0x08009f3c   0x08009f3c   0x00000034   Code   RO         5757    i.prvResetNextTaskUnblockTime  tasks.o
    0x08009f70   0x08009f70   0x00000040   Code   RO         6497    i.prvTaskExitError  port.o
    0x08009fb0   0x08009fb0   0x0000007e   Code   RO         5423    i.prvUnlockQueue    queue.o
    0x0800a02e   0x0800a02e   0x00000002   PAD
    0x0800a030   0x0800a030   0x0000013c   Code   RO         6436    i.pvPortMalloc      heap_4.o
    0x0800a16c   0x0800a16c   0x00000020   Code   RO         5759    i.pvTaskIncrementMutexHeldCount  tasks.o
    0x0800a18c   0x0800a18c   0x0000002c   Code   RO         6498    i.pxPortInitialiseStack  port.o
    0x0800a1b8   0x0800a1b8   0x000000e0   Code   RO         6642    i.sdram_test        sdram.o
    0x0800a298   0x0800a298   0x0000003c   Code   RO         6979    i.spi_write_and_read  spi.o
    0x0800a2d4   0x0800a2d4   0x00000028   Code   RO         5376    i.uxListRemove      list.o
    0x0800a2fc   0x0800a2fc   0x00000018   Code   RO          334    i.vApplicationGetIdleTaskMemory  freertos.o
    0x0800a314   0x0800a314   0x0000001a   Code   RO         5377    i.vListInitialise   list.o
    0x0800a32e   0x0800a32e   0x00000006   Code   RO         5378    i.vListInitialiseItem  list.o
    0x0800a334   0x0800a334   0x00000034   Code   RO         5379    i.vListInsert       list.o
    0x0800a368   0x0800a368   0x00000018   Code   RO         5380    i.vListInsertEnd    list.o
    0x0800a380   0x0800a380   0x00000054   Code   RO         6500    i.vPortEnterCritical  port.o
    0x0800a3d4   0x0800a3d4   0x0000003c   Code   RO         6501    i.vPortExitCritical  port.o
    0x0800a410   0x0800a410   0x00000094   Code   RO         6437    i.vPortFree         heap_4.o
    0x0800a4a4   0x0800a4a4   0x00000028   Code   RO         6502    i.vPortSetupTimerInterrupt  port.o
    0x0800a4cc   0x0800a4cc   0x00000078   Code   RO         6503    i.vPortValidateInterruptPriority  port.o
    0x0800a544   0x0800a544   0x0000005c   Code   RO         5765    i.vTaskDelay        tasks.o
    0x0800a5a0   0x0800a5a0   0x00000018   Code   RO         5768    i.vTaskInternalSetTimeOutState  tasks.o
    0x0800a5b8   0x0800a5b8   0x0000000c   Code   RO         5769    i.vTaskMissedYield  tasks.o
    0x0800a5c4   0x0800a5c4   0x00000038   Code   RO         5771    i.vTaskPlaceOnEventList  tasks.o
    0x0800a5fc   0x0800a5fc   0x000000f4   Code   RO         5773    i.vTaskPriorityDisinheritAfterTimeout  tasks.o
    0x0800a6f0   0x0800a6f0   0x000000b0   Code   RO         5778    i.vTaskStartScheduler  tasks.o
    0x0800a7a0   0x0800a7a0   0x00000010   Code   RO         5780    i.vTaskSuspendAll   tasks.o
    0x0800a7b0   0x0800a7b0   0x0000008c   Code   RO         5781    i.vTaskSwitchContext  tasks.o
    0x0800a83c   0x0800a83c   0x00000168   Code   RO         6504    i.xPortStartScheduler  port.o
    0x0800a9a4   0x0800a9a4   0x00000060   Code   RO         5432    i.xQueueGenericCreate  queue.o
    0x0800aa04   0x0800aa04   0x000000e0   Code   RO         5433    i.xQueueGenericCreateStatic  queue.o
    0x0800aae4   0x0800aae4   0x00000098   Code   RO         5434    i.xQueueGenericReset  queue.o
    0x0800ab7c   0x0800ab7c   0x000001a8   Code   RO         5435    i.xQueueGenericSend  queue.o
    0x0800ad24   0x0800ad24   0x000000f8   Code   RO         5436    i.xQueueGenericSendFromISR  queue.o
    0x0800ae1c   0x0800ae1c   0x000000e0   Code   RO         5437    i.xQueueGiveFromISR  queue.o
    0x0800aefc   0x0800aefc   0x00000168   Code   RO         5442    i.xQueueReceive     queue.o
    0x0800b064   0x0800b064   0x000000ca   Code   RO         5443    i.xQueueReceiveFromISR  queue.o
    0x0800b12e   0x0800b12e   0x00000002   PAD
    0x0800b130   0x0800b130   0x000001b8   Code   RO         5444    i.xQueueSemaphoreTake  queue.o
    0x0800b2e8   0x0800b2e8   0x0000008c   Code   RO         5782    i.xTaskCheckForTimeOut  tasks.o
    0x0800b374   0x0800b374   0x00000064   Code   RO         5783    i.xTaskCreate       tasks.o
    0x0800b3d8   0x0800b3d8   0x000000ba   Code   RO         5784    i.xTaskCreateStatic  tasks.o
    0x0800b492   0x0800b492   0x00000002   PAD
    0x0800b494   0x0800b494   0x00000020   Code   RO         5788    i.xTaskGetSchedulerState  tasks.o
    0x0800b4b4   0x0800b4b4   0x00000148   Code   RO         5791    i.xTaskIncrementTick  tasks.o
    0x0800b5fc   0x0800b5fc   0x000000c8   Code   RO         5794    i.xTaskPriorityDisinherit  tasks.o
    0x0800b6c4   0x0800b6c4   0x000000c8   Code   RO         5795    i.xTaskPriorityInherit  tasks.o
    0x0800b78c   0x0800b78c   0x00000098   Code   RO         5796    i.xTaskRemoveFromEventList  tasks.o
    0x0800b824   0x0800b824   0x00000104   Code   RO         5797    i.xTaskResumeAll    tasks.o
    0x0800b928   0x0800b928   0x00000048   Data   RO           27    .constdata          main.o
    0x0800b970   0x0800b970   0x00000008   Data   RO         2191    .constdata          stm32f4xx_hal_dma.o
    0x0800b978   0x0800b978   0x00000018   Data   RO         5240    .constdata          system_stm32f4xx.o
    0x0800b990   0x0800b990   0x00000018   Data   RO         6719    .constdata          ad7768.o
    0x0800b9a8   0x0800b9a8   0x00000174   Data   RO         7203    .constdata          command.o
    0x0800bb1c   0x0800bb1c   0x00000040   Data   RO         8020    .constdata          mc_w.l(ctype_c.o)
    0x0800bb5c   0x0800bb5c   0x00000014   Data   RO           28    .conststring        main.o
    0x0800bb70   0x0800bb70   0x00000486   Data   RO         7204    .conststring        command.o
    0x0800bff6   0x0800bff6   0x00000002   PAD
    0x0800bff8   0x0800bff8   0x00000020   Data   RO         8022    Region$$Table       anon$$obj.o


    Execution Region RW_IRAM1 (Exec base: 0x20000000, Load base: 0x0800c018, Size: 0x00006058, Max: 0x00020000, ABSOLUTE, COMPRESSED[0x000000e8])

    Exec Addr    Load Addr    Size         Type   Attr      Idx    E Section Name        Object

    0x20000000   COMPRESSED   0x00000012   Data   RW           29    .data               main.o
    0x20000012   COMPRESSED   0x00000002   PAD
    0x20000014   COMPRESSED   0x0000005e   Data   RW          615    .data               usbd_desc.o
    0x20000072   COMPRESSED   0x00000002   PAD
    0x20000074   COMPRESSED   0x0000001c   Data   RW          707    .data               usbd_cdc_if.o
    0x20000090   COMPRESSED   0x00000001   Data   RW          777    .data               stm32f4xx_it.o
    0x20000091   COMPRESSED   0x00000003   PAD
    0x20000094   COMPRESSED   0x0000000c   Data   RW          870    .data               stm32f4xx_hal_msp.o
    0x200000a0   COMPRESSED   0x00000009   Data   RW         2641    .data               stm32f4xx_hal.o
    0x200000a9   COMPRESSED   0x00000003   PAD
    0x200000ac   COMPRESSED   0x00000004   Data   RW         5241    .data               system_stm32f4xx.o
    0x200000b0   COMPRESSED   0x0000003c   Data   RW         5800    .data               tasks.o
    0x200000ec   COMPRESSED   0x00000018   Data   RW         6442    .data               heap_4.o
    0x20000104   COMPRESSED   0x0000000c   Data   RW         6505    .data               port.o
    0x20000110   COMPRESSED   0x00000008   Data   RW         6644    .data               sdram.o
    0x20000118   COMPRESSED   0x00000024   Data   RW         6720    .data               ad7768.o
    0x2000013c   COMPRESSED   0x00000002   Data   RW         7205    .data               command.o
    0x2000013e   COMPRESSED   0x00000001   Data   RW         7403    .data               usbd_ctlreq.o
    0x2000013f   COMPRESSED   0x00000001   PAD
    0x20000140   COMPRESSED   0x0000010f   Data   RW         7566    .data               usbd_cdc.o
    0x2000024f   COMPRESSED   0x00000001   PAD
    0x20000250   COMPRESSED   0x00000004   Data   RW         7981    .data               mc_w.l(stdout.o)
    0x20000254   COMPRESSED   0x00000004   Data   RW         7988    .data               mc_w.l(mvars.o)
    0x20000258   COMPRESSED   0x00000004   Data   RW         7989    .data               mc_w.l(mvars.o)
    0x2000025c        -       0x00000e10   Zero   RW           26    .bss                main.o
    0x2000106c        -       0x00000254   Zero   RW          335    .bss                freertos.o
    0x200012c0        -       0x000002d0   Zero   RW          373    .bss                usb_device.o
    0x20001590        -       0x00000408   Zero   RW          433    .bss                usbd_conf.o
    0x20001998        -       0x00000200   Zero   RW          614    .bss                usbd_desc.o
    0x20001b98        -       0x00001000   Zero   RW          706    .bss                usbd_cdc_if.o
    0x20002b98        -       0x00000040   Zero   RW          957    .bss                stm32f4xx_hal_timebase_tim.o
    0x20002bd8        -       0x00000020   Zero   RW         1787    .bss                stm32f4xx_hal_flash.o
    0x20002bf8        -       0x000000f0   Zero   RW         5799    .bss                tasks.o
    0x20002ce8        -       0x00001000   Zero   RW         6441    .bss                heap_4.o
    0x20003ce8        -       0x0000000f   Zero   RW         6576    .bss                cdcel913.o
    0x20003cf7   COMPRESSED   0x00000001   PAD
    0x20003cf8        -       0x00000800   Zero   RW         6643    .bss                sdram.o
    0x200044f8        -       0x0000085c   Zero   RW         6718    .bss                ad7768.o
    0x20004d54        -       0x00000400   Zero   RW         7202    .bss                command.o
    0x20005154   COMPRESSED   0x00000004   PAD
    0x20005158        -       0x00000600   Zero   RW            2    HEAP                startup_stm32f446xx.o
    0x20005758        -       0x00000900   Zero   RW            1    STACK               startup_stm32f446xx.o


==============================================================================

Image component sizes


      Code (inc. data)   RO Data    RW Data    ZI Data      Debug   Object Name

      2396        342         24         36       2140      22977   ad7768.o
      1162        390          0          0          0      44965   at.o
        40         10          0          0         15       1319   cdcel913.o
       708         18          0          0          0      34042   cmsis_os.o
       352         28       1530          2       1024       3237   command.o
         0          0          0          0          0      18956   event_groups.o
       220         16          0          0          0       1755   flash.o
        24         10          0          0        596       1292   freertos.o
         6          0          0          0          0        925   gpio.o
       692         62          0         24       4096       7507   heap_4.o
       148          0          0          0          0       3726   list.o
      1818        168         92         18       3600     805540   main.o
      1014         92          0         12          0      12361   port.o
      2778         20          0          0          0      22263   queue.o
       394         20          0          8       2048       3783   sdram.o
        60          8          0          0          0       1065   spi.o
        36          8        452          0       3840        864   startup_stm32f446xx.o
       136         24          0          9          0       8758   stm32f4xx_hal.o
       320         28          0          0          0      34608   stm32f4xx_hal_cortex.o
      1434         16          8          0          0       7262   stm32f4xx_hal_dma.o
       680         62          0          0         32       6262   stm32f4xx_hal_flash.o
       432         26          0          0          0       3390   stm32f4xx_hal_flash_ex.o
      1250         22          0          0          0       9804   stm32f4xx_hal_fmpi2c.o
       106          0          0          0          0       1198   stm32f4xx_hal_fmpi2c_ex.o
       538         44          0          0          0       3648   stm32f4xx_hal_gpio.o
       974         98          0         12          0       5596   stm32f4xx_hal_msp.o
      3308         14          0          0          0      13313   stm32f4xx_hal_pcd.o
       128          4          0          0          0       2584   stm32f4xx_hal_pcd_ex.o
       140         12          0          0          0       1332   stm32f4xx_hal_pwr_ex.o
       500         46          0          0          0       3488   stm32f4xx_hal_rcc.o
      3668        102          0          0          0       5771   stm32f4xx_hal_rcc_ex.o
      1670         34          0          0          0       8926   stm32f4xx_hal_sai.o
       136         14          0          0          0       1829   stm32f4xx_hal_sai_ex.o
       162          0          0          0          0       2832   stm32f4xx_hal_sdram.o
       970          8          0          0          0       4637   stm32f4xx_hal_spi.o
      1200         54          0          0          0      11381   stm32f4xx_hal_tim.o
       184         30          0          0          0       2597   stm32f4xx_hal_tim_ex.o
       140         18          0          0         64       1527   stm32f4xx_hal_timebase_tim.o
       180         42          0          1          0       5756   stm32f4xx_it.o
       368          4          0          0          0       3648   stm32f4xx_ll_fmc.o
      3774        102          0          0          0      23474   stm32f4xx_ll_usb.o
         0          0          0          0          0        392   stream_buffer.o
       100         18         24          4          0       1235   system_stm32f4xx.o
      3250        374          0         60        240      29261   tasks.o
        76         16          0          0        720        800   usb_device.o
      1000         24          0        271          0      13981   usbd_cdc.o
       236         36          0         28       4096      18213   usbd_cdc_if.o
      1250         44          0          0       1032      17217   usbd_conf.o
       902          0          0          0          0      13741   usbd_core.o
      2214         20          0          1          0      17384   usbd_ctlreq.o
       402        128          0         94        512       8809   usbd_desc.o
       174          0          0          0          0       4900   usbd_ioreq.o

    ----------------------------------------------------------------------
     43918       2656       2164        592      24060    1286131   Object Totals
         0          0         32          0          0          0   (incl. Generated)
        68          0          2         12          5          0   (incl. Padding)

    ----------------------------------------------------------------------

      Code (inc. data)   RO Data    RW Data    ZI Data      Debug   Library Member Name

        56          8          0          0          0         84   __0sscanf.o
        86          0          0          0          0          0   __dczerorl2.o
        28          0          0          0          0         68   _chval.o
       812          4          0          0          0        112   _scanf.o
       332          0          0          0          0         96   _scanf_int.o
        64          0          0          0          0         84   _sgetc.o
        40          6         64          0          0         68   ctype_c.o
         0          0          0          0          0          0   entry.o
         0          0          0          0          0          0   entry10a.o
         0          0          0          0          0          0   entry11a.o
         8          4          0          0          0          0   entry2.o
         4          0          0          0          0          0   entry5.o
         0          0          0          0          0          0   entry7b.o
         0          0          0          0          0          0   entry8b.o
         8          4          0          0          0          0   entry9a.o
        18          0          0          0          0         80   fputc.o
        30          0          0          0          0          0   handlers.o
        36          8          0          0          0         68   init.o
        10          0          0          0          0         68   isspace_c.o
         0          0          0          0          0          0   iusesemip.o
        30          0          0          0          0         68   llshl.o
        32          0          0          0          0         68   llushr.o
       188         20          0          0          0        160   malloc.o
        36          0          0          0          0         68   memcpya.o
        36          0          0          0          0        108   memseta.o
         0          0          0          8          0          0   mvars.o
       916         20          0          0          0        504   printf6.o
        40          8          0          0          0         84   scanf_char.o
         0          0          0          0          0          0   semi.o
         0          0          0          4          0          0   stdout.o
        24          0          0          0          0         68   strcat.o
        14          0          0          0          0         68   strlen.o
        30          0          0          0          0         80   strncmp.o
        44          0          0          0          0         80   uidiv.o
        98          0          0          0          0         92   uldiv.o

    ----------------------------------------------------------------------
      3030         82         64         12          0       2176   Library Totals
        10          0          0          0          0          0   (incl. Padding)

    ----------------------------------------------------------------------

      Code (inc. data)   RO Data    RW Data    ZI Data      Debug   Library Name

      3020         82         64         12          0       2176   mc_w.l

    ----------------------------------------------------------------------
      3030         82         64         12          0       2176   Library Totals

    ----------------------------------------------------------------------

==============================================================================


      Code (inc. data)   RO Data    RW Data    ZI Data      Debug   

     46948       2738       2228        604      24060    1247795   Grand Totals
     46948       2738       2228        232      24060    1247795   ELF Image Totals (compressed)
     46948       2738       2228        232          0          0   ROM Totals

==============================================================================

    Total RO  Size (Code + RO Data)                49176 (  48.02kB)
    Total RW  Size (RW Data + ZI Data)             24664 (  24.09kB)
    Total ROM Size (Code + RO Data + RW Data)      49408 (  48.25kB)

==============================================================================

